Component: ARM Compiler 5.06 update 1 (build 61) Tool: armlink [4d35a8]

==============================================================================

Section Cross References

    main.o(i.dma_InterruptCallback) refers to gd32f1x0_adc.o(i.adc_disable) for adc_disable
    main.o(i.dma_InterruptCallback) refers to adc.o(.data) for adcAvg
    main.o(i.dma_InterruptCallback) refers to adc.o(.bss) for adcData
    main.o(i.fputc) refers to gd32f1x0_usart.o(i.usart_data_transmit) for usart_data_transmit
    main.o(i.fputc) refers to gd32f1x0_usart.o(i.usart_flag_get) for usart_flag_get
    main.o(i.gd_usart_init) refers to gd32f1x0_rcu.o(i.rcu_periph_clock_enable) for rcu_periph_clock_enable
    main.o(i.gd_usart_init) refers to gd32f1x0_gpio.o(i.gpio_af_set) for gpio_af_set
    main.o(i.gd_usart_init) refers to gd32f1x0_gpio.o(i.gpio_mode_set) for gpio_mode_set
    main.o(i.gd_usart_init) refers to gd32f1x0_gpio.o(i.gpio_output_options_set) for gpio_output_options_set
    main.o(i.gd_usart_init) refers to gd32f1x0_usart.o(i.usart_deinit) for usart_deinit
    main.o(i.gd_usart_init) refers to gd32f1x0_usart.o(i.usart_baudrate_set) for usart_baudrate_set
    main.o(i.gd_usart_init) refers to gd32f1x0_usart.o(i.usart_transmit_config) for usart_transmit_config
    main.o(i.gd_usart_init) refers to gd32f1x0_usart.o(i.usart_receive_config) for usart_receive_config
    main.o(i.gd_usart_init) refers to gd32f1x0_usart.o(i.usart_enable) for usart_enable
    main.o(i.i2c_SlaveRxCpltCallback) refers to motor.o(i.SetTorqueLimit) for SetTorqueLimit
    main.o(i.i2c_SlaveRxCpltCallback) refers to ffixui.o(.text) for __aeabi_f2uiz
    main.o(i.i2c_SlaveRxCpltCallback) refers to motor.o(i.SetEnable) for SetEnable
    main.o(i.i2c_SlaveRxCpltCallback) refers to i2c.o(.data) for i2cDataRx
    main.o(i.i2c_SlaveRxCpltCallback) refers to main.o(.bss) for motor
    main.o(i.main) refers to gd32f1x0_misc.o(i.nvic_priority_group_set) for nvic_priority_group_set
    main.o(i.main) refers to systick.o(i.systick_config) for systick_config
    main.o(i.main) refers to rcu.o(i.rcu_config) for rcu_config
    main.o(i.main) refers to gpio.o(i.gpio_config) for gpio_config
    main.o(i.main) refers to adc.o(i.dma_config) for dma_config
    main.o(i.main) refers to adc.o(i.adc_config) for adc_config
    main.o(i.main) refers to tim.o(i.tim2_config) for tim2_config
    main.o(i.main) refers to tim.o(i.tim13_config) for tim13_config
    main.o(i.main) refers to main.o(i.user_main) for user_main
    main.o(i.tim13_PeriodElapsedCallback) refers to adc.o(i.adc_start) for adc_start
    main.o(i.tim13_PeriodElapsedCallback) refers to ffltui.o(.text) for __aeabi_ui2f
    main.o(i.tim13_PeriodElapsedCallback) refers to fadd.o(.text) for __aeabi_fsub
    main.o(i.tim13_PeriodElapsedCallback) refers to fmul.o(.text) for __aeabi_fmul
    main.o(i.tim13_PeriodElapsedCallback) refers to fdiv.o(.text) for __aeabi_fdiv
    main.o(i.tim13_PeriodElapsedCallback) refers to motor.o(i.CalcDceOutput) for CalcDceOutput
    main.o(i.tim13_PeriodElapsedCallback) refers to ffixi.o(.text) for __aeabi_f2iz
    main.o(i.tim13_PeriodElapsedCallback) refers to motor.o(i.SetPwm) for SetPwm
    main.o(i.tim13_PeriodElapsedCallback) refers to main.o(.bss) for motor
    main.o(i.tim13_PeriodElapsedCallback) refers to adc.o(.bss) for adcData
    main.o(i.user_main) refers to flash.o(i.fmc_read) for fmc_read
    main.o(i.user_main) refers to flash.o(i.fmc_write) for fmc_write
    main.o(i.user_main) refers to motor.o(i.SetTorqueLimit) for SetTorqueLimit
    main.o(i.user_main) refers to motor.o(i.SetEnable) for SetEnable
    main.o(i.user_main) refers to i2c.o(i.i2c_config) for i2c_config
    main.o(i.user_main) refers to main.o(.bss) for boardConfig
    gpio.o(i.gpio_config) refers to gd32f1x0_gpio.o(i.gpio_mode_set) for gpio_mode_set
    gpio.o(i.gpio_config) refers to gd32f1x0_gpio.o(i.gpio_output_options_set) for gpio_output_options_set
    gpio.o(i.gpio_config) refers to gd32f1x0_gpio.o(i.gpio_bit_reset) for gpio_bit_reset
    gpio.o(i.gpio_config) refers to gd32f1x0_gpio.o(i.gpio_af_set) for gpio_af_set
    gpio.o(i.gpio_config) refers to gd32f1x0_gpio.o(i.gpio_bit_set) for gpio_bit_set
    systick.o(i.delay_1ms) refers to systick.o(.data) for delay
    systick.o(i.delay_decrement) refers to systick.o(.data) for delay
    systick.o(i.systick_config) refers to systick.o(i.NVIC_SetPriority) for NVIC_SetPriority
    systick.o(i.systick_config) refers to system_gd32f1x0.o(.data) for SystemCoreClock
    gd32f1x0_it.o(i.DMA_Channel0_IRQHandler) refers to gd32f1x0_dma.o(i.dma_interrupt_flag_get) for dma_interrupt_flag_get
    gd32f1x0_it.o(i.DMA_Channel0_IRQHandler) refers to gd32f1x0_dma.o(i.dma_interrupt_flag_clear) for dma_interrupt_flag_clear
    gd32f1x0_it.o(i.DMA_Channel0_IRQHandler) refers to main.o(i.dma_InterruptCallback) for dma_InterruptCallback
    gd32f1x0_it.o(i.I2C0_EV_IRQHandler) refers to gd32f1x0_i2c.o(i.i2c_interrupt_flag_get) for i2c_interrupt_flag_get
[...]
    Removing gd32f1x0_dac.o(i.dac0_interrupt_enable), (20 bytes).
    Removing gd32f1x0_dac.o(i.dac0_interrupt_flag_clear), (20 bytes).
    Removing gd32f1x0_dac.o(i.dac0_interrupt_flag_get), (40 bytes).
    Removing gd32f1x0_dac.o(i.dac0_output_buffer_disable), (20 bytes).
    Removing gd32f1x0_dac.o(i.dac0_output_buffer_enable), (20 bytes).
    Removing gd32f1x0_dac.o(i.dac0_output_value_get), (16 bytes).
    Removing gd32f1x0_dac.o(i.dac0_software_trigger_disable), (20 bytes).
    Removing gd32f1x0_dac.o(i.dac0_software_trigger_enable), (20 bytes).
    Removing gd32f1x0_dac.o(i.dac0_trigger_disable), (20 bytes).
    Removing gd32f1x0_dac.o(i.dac0_trigger_enable), (20 bytes).
    Removing gd32f1x0_dac.o(i.dac0_trigger_source_config), (28 bytes).
    Removing gd32f1x0_dac.o(i.dac_deinit), (20 bytes).
    Removing gd32f1x0_dbg.o(.rev16_text), (4 bytes).
    Removing gd32f1x0_dbg.o(.revsh_text), (4 bytes).
    Removing gd32f1x0_dbg.o(i.dbg_deinit), (16 bytes).
    Removing gd32f1x0_dbg.o(i.dbg_id_get), (12 bytes).
    Removing gd32f1x0_dbg.o(i.dbg_low_power_disable), (16 bytes).
    Removing gd32f1x0_dbg.o(i.dbg_low_power_enable), (16 bytes).
    Removing gd32f1x0_dbg.o(i.dbg_periph_disable), (32 bytes).
    Removing gd32f1x0_dbg.o(i.dbg_periph_enable), (32 bytes).
    Removing gd32f1x0_dma.o(.rev16_text), (4 bytes).
    Removing gd32f1x0_dma.o(.revsh_text), (4 bytes).
    Removing gd32f1x0_dma.o(i.dma_circulation_disable), (36 bytes).
    Removing gd32f1x0_dma.o(i.dma_flag_clear), (24 bytes).
    Removing gd32f1x0_dma.o(i.dma_flag_get), (32 bytes).
    Removing gd32f1x0_dma.o(i.dma_interrupt_disable), (36 bytes).
    Removing gd32f1x0_dma.o(i.dma_memory_address_config), (20 bytes).
    Removing gd32f1x0_dma.o(i.dma_memory_increase_disable), (36 bytes).
    Removing gd32f1x0_dma.o(i.dma_memory_increase_enable), (36 bytes).
    Removing gd32f1x0_dma.o(i.dma_memory_to_memory_enable), (36 bytes).
    Removing gd32f1x0_dma.o(i.dma_memory_width_config), (40 bytes).
    Removing gd32f1x0_dma.o(i.dma_periph_address_config), (20 bytes).
    Removing gd32f1x0_dma.o(i.dma_periph_increase_disable), (36 bytes).
    Removing gd32f1x0_dma.o(i.dma_periph_increase_enable), (36 bytes).
    Removing gd32f1x0_dma.o(i.dma_periph_width_config), (40 bytes).
    Removing gd32f1x0_dma.o(i.dma_priority_config), (40 bytes).
    Removing gd32f1x0_dma.o(i.dma_struct_para_init), (22 bytes).
    Removing gd32f1x0_dma.o(i.dma_transfer_direction_config), (68 bytes).
    Removing gd32f1x0_dma.o(i.dma_transfer_number_config), (24 bytes).
    Removing gd32f1x0_dma.o(i.dma_transfer_number_get), (20 bytes).
    Removing gd32f1x0_exti.o(.rev16_text), (4 bytes).
    Removing gd32f1x0_exti.o(.revsh_text), (4 bytes).
    Removing gd32f1x0_exti.o(i.exti_deinit), (32 bytes).
    Removing gd32f1x0_exti.o(i.exti_event_disable), (16 bytes).
    Removing gd32f1x0_exti.o(i.exti_event_enable), (16 bytes).
    Removing gd32f1x0_exti.o(i.exti_flag_clear), (12 bytes).
    Removing gd32f1x0_exti.o(i.exti_flag_get), (24 bytes).
    Removing gd32f1x0_exti.o(i.exti_init), (188 bytes).
    Removing gd32f1x0_exti.o(i.exti_interrupt_disable), (16 bytes).
    Removing gd32f1x0_exti.o(i.exti_interrupt_enable), (16 bytes).
    Removing gd32f1x0_exti.o(i.exti_interrupt_flag_clear), (12 bytes).
    Removing gd32f1x0_exti.o(i.exti_interrupt_flag_get), (36 bytes).
    Removing gd32f1x0_exti.o(i.exti_software_interrupt_disable), (16 bytes).
    Removing gd32f1x0_exti.o(i.exti_software_interrupt_enable), (16 bytes).
    Removing gd32f1x0_fmc.o(.rev16_text), (4 bytes).
    Removing gd32f1x0_fmc.o(.revsh_text), (4 bytes).
    Removing gd32f1x0_fmc.o(i.fmc_flag_clear), (12 bytes).
    Removing gd32f1x0_fmc.o(i.fmc_flag_get), (20 bytes).
    Removing gd32f1x0_fmc.o(i.fmc_halfword_program), (64 bytes).
    Removing gd32f1x0_fmc.o(i.fmc_interrupt_disable), (16 bytes).
    Removing gd32f1x0_fmc.o(i.fmc_interrupt_enable), (16 bytes).
    Removing gd32f1x0_fmc.o(i.fmc_interrupt_flag_clear), (12 bytes).
    Removing gd32f1x0_fmc.o(i.fmc_interrupt_flag_get), (20 bytes).
    Removing gd32f1x0_fmc.o(i.fmc_mass_erase), (68 bytes).
    Removing gd32f1x0_fmc.o(i.fmc_wait_state_disable), (24 bytes).
    Removing gd32f1x0_fmc.o(i.fmc_wait_state_enable), (24 bytes).
    Removing gd32f1x0_fmc.o(i.fmc_wscnt_set), (24 bytes).
    Removing gd32f1x0_fmc.o(i.ob_data_get), (12 bytes).
    Removing gd32f1x0_fmc.o(i.ob_data_program), (212 bytes).
    Removing gd32f1x0_fmc.o(i.ob_erase), (148 bytes).
    Removing gd32f1x0_fmc.o(i.ob_lock), (20 bytes).
    Removing gd32f1x0_fmc.o(i.ob_obstat_plevel_get), (16 bytes).
    Removing gd32f1x0_fmc.o(i.ob_reset), (20 bytes).
    Removing gd32f1x0_fmc.o(i.ob_security_protection_config), (204 bytes).
    Removing gd32f1x0_fmc.o(i.ob_unlock), (36 bytes).
    Removing gd32f1x0_fmc.o(i.ob_user_get), (16 bytes).
    Removing gd32f1x0_fmc.o(i.ob_user_write), (208 bytes).
    Removing gd32f1x0_fmc.o(i.ob_write_protection_enable), (216 bytes).
    Removing gd32f1x0_fmc.o(i.ob_write_protection_get), (12 bytes).
    Removing gd32f1x0_fwdgt.o(.rev16_text), (4 bytes).
    Removing gd32f1x0_fwdgt.o(.revsh_text), (4 bytes).
    Removing gd32f1x0_fwdgt.o(i.fwdgt_config), (104 bytes).
    Removing gd32f1x0_fwdgt.o(i.fwdgt_counter_reload), (16 bytes).
    Removing gd32f1x0_fwdgt.o(i.fwdgt_enable), (16 bytes).
    Removing gd32f1x0_fwdgt.o(i.fwdgt_flag_get), (24 bytes).
    Removing gd32f1x0_fwdgt.o(i.fwdgt_prescaler_value_config), (60 bytes).
    Removing gd32f1x0_fwdgt.o(i.fwdgt_reload_value_config), (64 bytes).
    Removing gd32f1x0_fwdgt.o(i.fwdgt_window_value_config), (64 bytes).
    Removing gd32f1x0_fwdgt.o(i.fwdgt_write_disable), (12 bytes).
    Removing gd32f1x0_fwdgt.o(i.fwdgt_write_enable), (16 bytes).
    Removing gd32f1x0_gpio.o(.rev16_text), (4 bytes).
    Removing gd32f1x0_gpio.o(.revsh_text), (4 bytes).
    Removing gd32f1x0_gpio.o(i.gpio_bit_write), (10 bytes).
    Removing gd32f1x0_gpio.o(i.gpio_deinit), (148 bytes).
    Removing gd32f1x0_gpio.o(i.gpio_input_bit_get), (16 bytes).
    Removing gd32f1x0_gpio.o(i.gpio_input_port_get), (8 bytes).
    Removing gd32f1x0_gpio.o(i.gpio_output_bit_get), (16 bytes).
    Removing gd32f1x0_gpio.o(i.gpio_output_port_get), (8 bytes).
    Removing gd32f1x0_gpio.o(i.gpio_pin_lock), (18 bytes).
    Removing gd32f1x0_gpio.o(i.gpio_port_write), (4 bytes).
    Removing gd32f1x0_i2c.o(.rev16_text), (4 bytes).
    Removing gd32f1x0_i2c.o(.revsh_text), (4 bytes).
    Removing gd32f1x0_i2c.o(i.i2c_ackpos_config), (22 bytes).
    Removing gd32f1x0_i2c.o(i.i2c_deinit), (64 bytes).
    Removing gd32f1x0_i2c.o(i.i2c_disable), (10 bytes).
    Removing gd32f1x0_i2c.o(i.i2c_dma_enable), (16 bytes).
    Removing gd32f1x0_i2c.o(i.i2c_dma_last_transfer_config), (16 bytes).
    Removing gd32f1x0_i2c.o(i.i2c_dualaddr_disable), (10 bytes).
    Removing gd32f1x0_i2c.o(i.i2c_dualaddr_enable), (12 bytes).
    Removing gd32f1x0_i2c.o(i.i2c_flag_clear), (40 bytes).
    Removing gd32f1x0_i2c.o(i.i2c_flag_get), (30 bytes).
    Removing gd32f1x0_i2c.o(i.i2c_interrupt_disable), (26 bytes).
    Removing gd32f1x0_i2c.o(i.i2c_master_addressing), (20 bytes).
    Removing gd32f1x0_i2c.o(i.i2c_pec_enable), (16 bytes).
    Removing gd32f1x0_i2c.o(i.i2c_pec_transfer_enable), (16 bytes).
    Removing gd32f1x0_i2c.o(i.i2c_pec_value_get), (10 bytes).
    Removing gd32f1x0_i2c.o(i.i2c_slave_response_to_gcall_config), (16 bytes).
    Removing gd32f1x0_i2c.o(i.i2c_smbus_arp_enable), (16 bytes).
    Removing gd32f1x0_i2c.o(i.i2c_smbus_issue_alert), (16 bytes).
    Removing gd32f1x0_i2c.o(i.i2c_smbus_type_config), (24 bytes).
    Removing gd32f1x0_i2c.o(i.i2c_software_reset_config), (16 bytes).
    Removing gd32f1x0_i2c.o(i.i2c_start_on_bus), (10 bytes).
    Removing gd32f1x0_i2c.o(i.i2c_stretch_scl_low_config), (16 bytes).
    Removing gd32f1x0_misc.o(.rev16_text), (4 bytes).
    Removing gd32f1x0_misc.o(.revsh_text), (4 bytes).
    Removing gd32f1x0_misc.o(i.nvic_irq_disable), (24 bytes).
    Removing gd32f1x0_misc.o(i.system_lowpower_reset), (16 bytes).
    Removing gd32f1x0_misc.o(i.system_lowpower_set), (16 bytes).
    Removing gd32f1x0_misc.o(i.systick_clksource_set), (40 bytes).
    Removing gd32f1x0_pmu.o(.rev16_text), (4 bytes).
    Removing gd32f1x0_pmu.o(.revsh_text), (4 bytes).
    Removing gd32f1x0_pmu.o(i.pmu_backup_write_disable), (20 bytes).
    Removing gd32f1x0_pmu.o(i.pmu_backup_write_enable), (20 bytes).
    Removing gd32f1x0_pmu.o(i.pmu_deinit), (20 bytes).
    Removing gd32f1x0_pmu.o(i.pmu_flag_clear), (40 bytes).
    Removing gd32f1x0_pmu.o(i.pmu_flag_get), (20 bytes).
    Removing gd32f1x0_pmu.o(i.pmu_lvd_disable), (20 bytes).
    Removing gd32f1x0_pmu.o(i.pmu_lvd_select), (48 bytes).
    Removing gd32f1x0_pmu.o(i.pmu_to_deepsleepmode), (196 bytes).
    Removing gd32f1x0_pmu.o(i.pmu_to_sleepmode), (28 bytes).
    Removing gd32f1x0_pmu.o(i.pmu_to_standbymode), (52 bytes).
    Removing gd32f1x0_pmu.o(i.pmu_wakeup_pin_disable), (16 bytes).
    Removing gd32f1x0_pmu.o(i.pmu_wakeup_pin_enable), (16 bytes).
    Removing gd32f1x0_pmu.o(.bss), (16 bytes).
    Removing gd32f1x0_rcu.o(.rev16_text), (4 bytes).
    Removing gd32f1x0_rcu.o(.revsh_text), (4 bytes).
    Removing gd32f1x0_rcu.o(i.rcu_ahb_clock_config), (28 bytes).
    Removing gd32f1x0_rcu.o(i.rcu_all_reset_flag_clear), (20 bytes).
    Removing gd32f1x0_rcu.o(i.rcu_apb1_clock_config), (28 bytes).
    Removing gd32f1x0_rcu.o(i.rcu_apb2_clock_config), (28 bytes).
    Removing gd32f1x0_rcu.o(i.rcu_bkp_reset_disable), (20 bytes).
    Removing gd32f1x0_rcu.o(i.rcu_bkp_reset_enable), (20 bytes).
    Removing gd32f1x0_rcu.o(i.rcu_cec_clock_config), (28 bytes).
    Removing gd32f1x0_rcu.o(i.rcu_ckout_config), (28 bytes).
    Removing gd32f1x0_rcu.o(i.rcu_deepsleep_voltage_set), (36 bytes).
    Removing gd32f1x0_rcu.o(i.rcu_deinit), (140 bytes).
    Removing gd32f1x0_rcu.o(i.rcu_flag_get), (36 bytes).
    Removing gd32f1x0_rcu.o(i.rcu_hxtal_clock_monitor_disable), (20 bytes).
    Removing gd32f1x0_rcu.o(i.rcu_hxtal_clock_monitor_enable), (20 bytes).
    Removing gd32f1x0_rcu.o(i.rcu_hxtal_prediv_config), (24 bytes).
    Removing gd32f1x0_rcu.o(i.rcu_interrupt_disable), (16 bytes).
    Removing gd32f1x0_rcu.o(i.rcu_interrupt_enable), (16 bytes).
    Removing gd32f1x0_rcu.o(i.rcu_interrupt_flag_clear), (16 bytes).
    Removing gd32f1x0_rcu.o(i.rcu_interrupt_flag_get), (24 bytes).
    Removing gd32f1x0_rcu.o(i.rcu_irc14m_adjust_value_set), (24 bytes).
    Removing gd32f1x0_rcu.o(i.rcu_irc8m_adjust_value_set), (24 bytes).
    Removing gd32f1x0_rcu.o(i.rcu_lxtal_drive_capability_config), (28 bytes).
    Removing gd32f1x0_rcu.o(i.rcu_osci_bypass_mode_disable), (100 bytes).
    Removing gd32f1x0_rcu.o(i.rcu_osci_bypass_mode_enable), (100 bytes).
    Removing gd32f1x0_rcu.o(i.rcu_osci_off), (32 bytes).
    Removing gd32f1x0_rcu.o(i.rcu_osci_on), (32 bytes).
    Removing gd32f1x0_rcu.o(i.rcu_osci_stab_wait), (268 bytes).
    Removing gd32f1x0_rcu.o(i.rcu_periph_clock_disable), (32 bytes).
    Removing gd32f1x0_rcu.o(i.rcu_periph_clock_sleep_disable), (32 bytes).
    Removing gd32f1x0_rcu.o(i.rcu_periph_clock_sleep_enable), (32 bytes).
    Removing gd32f1x0_rcu.o(i.rcu_pll_config), (36 bytes).
    Removing gd32f1x0_rcu.o(i.rcu_power_down_voltage_set), (36 bytes).
    Removing gd32f1x0_rcu.o(i.rcu_rtc_clock_config), (28 bytes).
    Removing gd32f1x0_rcu.o(i.rcu_system_clock_source_config), (28 bytes).
    Removing gd32f1x0_rcu.o(i.rcu_system_clock_source_get), (16 bytes).
    Removing gd32f1x0_rcu.o(i.rcu_usart_clock_config), (28 bytes).
    Removing gd32f1x0_rcu.o(i.rcu_usbd_clock_config), (28 bytes).
    Removing gd32f1x0_rcu.o(i.rcu_voltage_key_unlock), (40 bytes).
    Removing gd32f1x0_rtc.o(.rev16_text), (4 bytes).
    Removing gd32f1x0_rtc.o(.revsh_text), (4 bytes).
    Removing gd32f1x0_rtc.o(i.rtc_alarm_config), (84 bytes).
    Removing gd32f1x0_rtc.o(i.rtc_alarm_disable), (80 bytes).
    Removing gd32f1x0_rtc.o(i.rtc_alarm_enable), (40 bytes).
    Removing gd32f1x0_rtc.o(i.rtc_alarm_get), (56 bytes).
    Removing gd32f1x0_rtc.o(i.rtc_alarm_subsecond_config), (32 bytes).
    Removing gd32f1x0_rtc.o(i.rtc_alarm_subsecond_get), (16 bytes).
    Removing gd32f1x0_rtc.o(i.rtc_alter_output_config), (76 bytes).
    Removing gd32f1x0_rtc.o(i.rtc_bypass_shadow_disable), (40 bytes).
    Removing gd32f1x0_rtc.o(i.rtc_bypass_shadow_enable), (40 bytes).
    Removing gd32f1x0_rtc.o(i.rtc_calibration_config), (76 bytes).
    Removing gd32f1x0_rtc.o(i.rtc_current_time_get), (100 bytes).
    Removing gd32f1x0_rtc.o(i.rtc_deinit), (128 bytes).
    Removing gd32f1x0_rtc.o(i.rtc_flag_clear), (16 bytes).
    Removing gd32f1x0_rtc.o(i.rtc_flag_get), (20 bytes).
    Removing gd32f1x0_rtc.o(i.rtc_hour_adjust), (36 bytes).
    Removing gd32f1x0_rtc.o(i.rtc_init), (196 bytes).
    Removing gd32f1x0_rtc.o(i.rtc_init_mode_enter), (68 bytes).
    Removing gd32f1x0_rtc.o(i.rtc_init_mode_exit), (20 bytes).
    Removing gd32f1x0_rtc.o(i.rtc_interrupt_disable), (60 bytes).
    Removing gd32f1x0_rtc.o(i.rtc_interrupt_enable), (60 bytes).
    Removing gd32f1x0_rtc.o(i.rtc_refclock_detection_disable), (56 bytes).
    Removing gd32f1x0_rtc.o(i.rtc_refclock_detection_enable), (56 bytes).
    Removing gd32f1x0_rtc.o(i.rtc_register_sync_wait), (96 bytes).
    Removing gd32f1x0_rtc.o(i.rtc_second_adjust), (108 bytes).
    Removing gd32f1x0_rtc.o(i.rtc_subsecond_get), (20 bytes).
    Removing gd32f1x0_rtc.o(i.rtc_tamper_disable), (16 bytes).
    Removing gd32f1x0_rtc.o(i.rtc_tamper_enable), (164 bytes).
    Removing gd32f1x0_rtc.o(i.rtc_timestamp_disable), (40 bytes).
    Removing gd32f1x0_rtc.o(i.rtc_timestamp_enable), (48 bytes).
    Removing gd32f1x0_rtc.o(i.rtc_timestamp_get), (60 bytes).
    Removing gd32f1x0_rtc.o(i.rtc_timestamp_subsecond_get), (12 bytes).
    Removing gd32f1x0_spi.o(.rev16_text), (4 bytes).
    Removing gd32f1x0_spi.o(.revsh_text), (4 bytes).
    Removing gd32f1x0_spi.o(i.i2s_disable), (10 bytes).
    Removing gd32f1x0_spi.o(i.i2s_enable), (10 bytes).
    Removing gd32f1x0_spi.o(i.i2s_init), (28 bytes).
    Removing gd32f1x0_spi.o(i.i2s_psc_config), (164 bytes).
    Removing gd32f1x0_spi.o(i.spi_bidirectional_transfer_config), (26 bytes).
    Removing gd32f1x0_spi.o(i.spi_crc_error_clear), (10 bytes).
    Removing gd32f1x0_spi.o(i.spi_crc_get), (16 bytes).
    Removing gd32f1x0_spi.o(i.spi_crc_next), (10 bytes).
    Removing gd32f1x0_spi.o(i.spi_crc_off), (10 bytes).
    Removing gd32f1x0_spi.o(i.spi_crc_on), (10 bytes).
    Removing gd32f1x0_spi.o(i.spi_crc_polynomial_get), (8 bytes).
    Removing gd32f1x0_spi.o(i.spi_crc_polynomial_set), (12 bytes).
    Removing gd32f1x0_spi.o(i.spi_disable), (10 bytes).
    Removing gd32f1x0_spi.o(i.spi_dma_disable), (22 bytes).
    Removing gd32f1x0_spi.o(i.spi_dma_enable), (22 bytes).
    Removing gd32f1x0_spi.o(i.spi_enable), (10 bytes).
    Removing gd32f1x0_spi.o(i.spi_i2s_data_frame_format_config), (16 bytes).
    Removing gd32f1x0_spi.o(i.spi_i2s_data_receive), (8 bytes).
    Removing gd32f1x0_spi.o(i.spi_i2s_data_transmit), (4 bytes).
    Removing gd32f1x0_spi.o(i.spi_i2s_deinit), (88 bytes).
    Removing gd32f1x0_spi.o(i.spi_i2s_flag_get), (16 bytes).
    Removing gd32f1x0_spi.o(i.spi_i2s_interrupt_disable), (48 bytes).
    Removing gd32f1x0_spi.o(i.spi_i2s_interrupt_enable), (48 bytes).
    Removing gd32f1x0_spi.o(i.spi_i2s_interrupt_flag_get), (100 bytes).
    Removing gd32f1x0_spi.o(i.spi_init), (50 bytes).
    Removing gd32f1x0_spi.o(i.spi_nss_internal_high), (10 bytes).
    Removing gd32f1x0_spi.o(i.spi_nss_internal_low), (10 bytes).
    Removing gd32f1x0_spi.o(i.spi_nss_output_disable), (10 bytes).
    Removing gd32f1x0_spi.o(i.spi_nss_output_enable), (10 bytes).
    Removing gd32f1x0_spi.o(i.spi_struct_para_init), (18 bytes).
    Removing gd32f1x0_syscfg.o(.rev16_text), (4 bytes).
    Removing gd32f1x0_syscfg.o(.revsh_text), (4 bytes).
    Removing gd32f1x0_syscfg.o(i.syscfg_deinit), (20 bytes).
    Removing gd32f1x0_syscfg.o(i.syscfg_dma_remap_disable), (16 bytes).
    Removing gd32f1x0_syscfg.o(i.syscfg_dma_remap_enable), (16 bytes).
    Removing gd32f1x0_syscfg.o(i.syscfg_exti_line_config), (160 bytes).
    Removing gd32f1x0_syscfg.o(i.syscfg_flag_clear), (16 bytes).
    Removing gd32f1x0_syscfg.o(i.syscfg_flag_get), (24 bytes).
    Removing gd32f1x0_syscfg.o(i.syscfg_high_current_disable), (20 bytes).
    Removing gd32f1x0_syscfg.o(i.syscfg_high_current_enable), (20 bytes).
    Removing gd32f1x0_syscfg.o(i.syscfg_lock_config), (16 bytes).
    Removing gd32f1x0_timer.o(.rev16_text), (4 bytes).
    Removing gd32f1x0_timer.o(.revsh_text), (4 bytes).
    Removing gd32f1x0_timer.o(i.timer_auto_reload_shadow_disable), (10 bytes).
    Removing gd32f1x0_timer.o(i.timer_automatic_output_disable), (10 bytes).
    Removing gd32f1x0_timer.o(i.timer_automatic_output_enable), (10 bytes).
    Removing gd32f1x0_timer.o(i.timer_autoreload_value_config), (4 bytes).
    Removing gd32f1x0_timer.o(i.timer_break_config), (30 bytes).
    Removing gd32f1x0_timer.o(i.timer_break_disable), (10 bytes).
    Removing gd32f1x0_timer.o(i.timer_break_enable), (10 bytes).
    Removing gd32f1x0_timer.o(i.timer_break_struct_para_init), (18 bytes).
    Removing gd32f1x0_timer.o(i.timer_channel_capture_value_register_read), (42 bytes).
    Removing gd32f1x0_timer.o(i.timer_channel_complementary_output_polarity_config), (92 bytes).
    Removing gd32f1x0_timer.o(i.timer_channel_complementary_output_state_config), (70 bytes).
    Removing gd32f1x0_timer.o(i.timer_channel_control_shadow_config), (24 bytes).
    Removing gd32f1x0_timer.o(i.timer_channel_control_shadow_update_config), (26 bytes).
    Removing gd32f1x0_timer.o(i.timer_channel_dma_request_source_select), (26 bytes).
    Removing gd32f1x0_timer.o(i.timer_channel_input_capture_prescaler_config), (90 bytes).
    Removing gd32f1x0_timer.o(i.timer_channel_input_struct_para_init), (16 bytes).
    Removing gd32f1x0_timer.o(i.timer_channel_output_clear_config), (90 bytes).
    Removing gd32f1x0_timer.o(i.timer_channel_output_fast_config), (90 bytes).
    Removing gd32f1x0_timer.o(i.timer_channel_output_polarity_config), (92 bytes).
    Removing gd32f1x0_timer.o(i.timer_channel_output_state_config), (92 bytes).
    Removing gd32f1x0_timer.o(i.timer_channel_output_struct_para_init), (16 bytes).
    Removing gd32f1x0_timer.o(i.timer_channel_remap_config), (4 bytes).
    Removing gd32f1x0_timer.o(i.timer_counter_alignment), (16 bytes).
    Removing gd32f1x0_timer.o(i.timer_counter_down_direction), (10 bytes).
    Removing gd32f1x0_timer.o(i.timer_counter_read), (8 bytes).
    Removing gd32f1x0_timer.o(i.timer_counter_up_direction), (10 bytes).
    Removing gd32f1x0_timer.o(i.timer_counter_value_config), (4 bytes).
    Removing gd32f1x0_timer.o(i.timer_disable), (10 bytes).
    Removing gd32f1x0_timer.o(i.timer_dma_disable), (8 bytes).
    Removing gd32f1x0_timer.o(i.timer_dma_enable), (8 bytes).
    Removing gd32f1x0_timer.o(i.timer_dma_transfer_config), (24 bytes).
    Removing gd32f1x0_timer.o(i.timer_event_software_generate), (8 bytes).
    Removing gd32f1x0_timer.o(i.timer_external_clock_mode0_config), (40 bytes).
    Removing gd32f1x0_timer.o(i.timer_external_clock_mode1_config), (32 bytes).
    Removing gd32f1x0_timer.o(i.timer_external_clock_mode1_disable), (10 bytes).
    Removing gd32f1x0_timer.o(i.timer_external_trigger_as_external_clock_config), (166 bytes).
    Removing gd32f1x0_timer.o(i.timer_external_trigger_config), (30 bytes).
    Removing gd32f1x0_timer.o(i.timer_flag_clear), (6 bytes).
    Removing gd32f1x0_timer.o(i.timer_flag_get), (16 bytes).
    Removing gd32f1x0_timer.o(i.timer_hall_mode_config), (26 bytes).
    Removing gd32f1x0_timer.o(i.timer_input_capture_config), (326 bytes).
    Removing gd32f1x0_timer.o(i.timer_input_pwm_capture_config), (356 bytes).
    Removing gd32f1x0_timer.o(i.timer_input_trigger_source_select), (16 bytes).
    Removing gd32f1x0_timer.o(i.timer_internal_clock_config), (10 bytes).
    Removing gd32f1x0_timer.o(i.timer_internal_trigger_as_external_clock_config), (32 bytes).
    Removing gd32f1x0_timer.o(i.timer_interrupt_disable), (8 bytes).
    Removing gd32f1x0_timer.o(i.timer_master_output_trigger_source_select), (16 bytes).
    Removing gd32f1x0_timer.o(i.timer_master_slave_mode_config), (26 bytes).
    Removing gd32f1x0_timer.o(i.timer_ocpre_clear_source_config), (26 bytes).
    Removing gd32f1x0_timer.o(i.timer_prescaler_config), (14 bytes).
    Removing gd32f1x0_timer.o(i.timer_prescaler_read), (10 bytes).
    Removing gd32f1x0_timer.o(i.timer_primary_output_config), (24 bytes).
    Removing gd32f1x0_timer.o(i.timer_quadrature_decoder_mode_config), (64 bytes).
    Removing gd32f1x0_timer.o(i.timer_repetition_value_config), (4 bytes).
    Removing gd32f1x0_timer.o(i.timer_single_pulse_mode_config), (26 bytes).
    Removing gd32f1x0_timer.o(i.timer_slave_mode_select), (16 bytes).
    Removing gd32f1x0_timer.o(i.timer_struct_para_init), (22 bytes).
    Removing gd32f1x0_timer.o(i.timer_update_event_disable), (10 bytes).
    Removing gd32f1x0_timer.o(i.timer_update_event_enable), (10 bytes).
    Removing gd32f1x0_timer.o(i.timer_update_source_config), (26 bytes).
    Removing gd32f1x0_tsi.o(.rev16_text), (4 bytes).
    Removing gd32f1x0_tsi.o(.revsh_text), (4 bytes).
    Removing gd32f1x0_tsi.o(i.tsi_analog_off), (16 bytes).
    Removing gd32f1x0_tsi.o(i.tsi_analog_on), (16 bytes).
    Removing gd32f1x0_tsi.o(i.tsi_channel_pin_disable), (16 bytes).
    Removing gd32f1x0_tsi.o(i.tsi_channel_pin_enable), (16 bytes).
    Removing gd32f1x0_tsi.o(i.tsi_deinit), (20 bytes).
    Removing gd32f1x0_tsi.o(i.tsi_disable), (20 bytes).
    Removing gd32f1x0_tsi.o(i.tsi_enable), (20 bytes).
    Removing gd32f1x0_tsi.o(i.tsi_extend_charge_config), (100 bytes).
    Removing gd32f1x0_tsi.o(i.tsi_flag_clear), (16 bytes).
    Removing gd32f1x0_tsi.o(i.tsi_flag_get), (24 bytes).
    Removing gd32f1x0_tsi.o(i.tsi_group0_cycle_get), (12 bytes).
    Removing gd32f1x0_tsi.o(i.tsi_group1_cycle_get), (12 bytes).
    Removing gd32f1x0_tsi.o(i.tsi_group2_cycle_get), (12 bytes).
    Removing gd32f1x0_tsi.o(i.tsi_group3_cycle_get), (12 bytes).
    Removing gd32f1x0_tsi.o(i.tsi_group4_cycle_get), (12 bytes).
    Removing gd32f1x0_tsi.o(i.tsi_group5_cycle_get), (12 bytes).
    Removing gd32f1x0_tsi.o(i.tsi_group_disable), (16 bytes).
    Removing gd32f1x0_tsi.o(i.tsi_group_enable), (16 bytes).
    Removing gd32f1x0_tsi.o(i.tsi_group_status_get), (24 bytes).
    Removing gd32f1x0_tsi.o(i.tsi_hardware_mode_config), (56 bytes).
    Removing gd32f1x0_tsi.o(i.tsi_hysteresis_off), (16 bytes).
    Removing gd32f1x0_tsi.o(i.tsi_hysteresis_on), (16 bytes).
    Removing gd32f1x0_tsi.o(i.tsi_init), (48 bytes).
    Removing gd32f1x0_tsi.o(i.tsi_interrupt_disable), (16 bytes).
    Removing gd32f1x0_tsi.o(i.tsi_interrupt_enable), (16 bytes).
    Removing gd32f1x0_tsi.o(i.tsi_interrupt_flag_clear), (16 bytes).
    Removing gd32f1x0_tsi.o(i.tsi_interrupt_flag_get), (40 bytes).
    Removing gd32f1x0_tsi.o(i.tsi_max_number_config), (32 bytes).
    Removing gd32f1x0_tsi.o(i.tsi_pin_mode_config), (44 bytes).
    Removing gd32f1x0_tsi.o(i.tsi_plus_config), (48 bytes).
    Removing gd32f1x0_tsi.o(i.tsi_sample_pin_disable), (28 bytes).
    Removing gd32f1x0_tsi.o(i.tsi_sample_pin_enable), (28 bytes).
    Removing gd32f1x0_tsi.o(i.tsi_software_mode_config), (28 bytes).
    Removing gd32f1x0_tsi.o(i.tsi_software_start), (20 bytes).
    Removing gd32f1x0_tsi.o(i.tsi_software_stop), (20 bytes).
    Removing gd32f1x0_usart.o(.rev16_text), (4 bytes).
    Removing gd32f1x0_usart.o(.revsh_text), (4 bytes).
    Removing gd32f1x0_usart.o(i.usart_address_config), (32 bytes).
    Removing gd32f1x0_usart.o(i.usart_address_detection_mode_config), (28 bytes).
    Removing gd32f1x0_usart.o(i.usart_autobaud_detection_disable), (10 bytes).
    Removing gd32f1x0_usart.o(i.usart_autobaud_detection_enable), (10 bytes).
    Removing gd32f1x0_usart.o(i.usart_autobaud_detection_mode_config), (16 bytes).
    Removing gd32f1x0_usart.o(i.usart_baudrate_set), (124 bytes).
    Removing gd32f1x0_usart.o(i.usart_block_length_config), (24 bytes).
    Removing gd32f1x0_usart.o(i.usart_clock_disable), (18 bytes).
    Removing gd32f1x0_usart.o(i.usart_clock_enable), (18 bytes).
    Removing gd32f1x0_usart.o(i.usart_command_enable), (8 bytes).
    Removing gd32f1x0_usart.o(i.usart_data_first_config), (28 bytes).
    Removing gd32f1x0_usart.o(i.usart_data_receive), (10 bytes).
    Removing gd32f1x0_usart.o(i.usart_data_transmit), (8 bytes).
    Removing gd32f1x0_usart.o(i.usart_deinit), (64 bytes).
    Removing gd32f1x0_usart.o(i.usart_depolarity_config), (28 bytes).
    Removing gd32f1x0_usart.o(i.usart_disable), (10 bytes).
    Removing gd32f1x0_usart.o(i.usart_dma_receive_config), (16 bytes).
    Removing gd32f1x0_usart.o(i.usart_dma_transmit_config), (16 bytes).
    Removing gd32f1x0_usart.o(i.usart_driver_assertime_config), (32 bytes).
    Removing gd32f1x0_usart.o(i.usart_driver_deassertime_config), (32 bytes).
    Removing gd32f1x0_usart.o(i.usart_enable), (10 bytes).
    Removing gd32f1x0_usart.o(i.usart_flag_clear), (18 bytes).
    Removing gd32f1x0_usart.o(i.usart_flag_get), (30 bytes).
    Removing gd32f1x0_usart.o(i.usart_guard_time_config), (32 bytes).
    Removing gd32f1x0_usart.o(i.usart_halfduplex_disable), (18 bytes).
    Removing gd32f1x0_usart.o(i.usart_halfduplex_enable), (18 bytes).
    Removing gd32f1x0_usart.o(i.usart_hardware_flow_cts_config), (24 bytes).
    Removing gd32f1x0_usart.o(i.usart_hardware_flow_rts_config), (24 bytes).
    Removing gd32f1x0_usart.o(i.usart_interrupt_disable), (26 bytes).
    Removing gd32f1x0_usart.o(i.usart_interrupt_enable), (26 bytes).
    Removing gd32f1x0_usart.o(i.usart_interrupt_flag_clear), (18 bytes).
    Removing gd32f1x0_usart.o(i.usart_interrupt_flag_get), (56 bytes).
    Removing gd32f1x0_usart.o(i.usart_invert_config), (110 bytes).
    Removing gd32f1x0_usart.o(i.usart_irda_lowpower_config), (28 bytes).
    Removing gd32f1x0_usart.o(i.usart_irda_mode_disable), (18 bytes).
    Removing gd32f1x0_usart.o(i.usart_irda_mode_enable), (18 bytes).
    Removing gd32f1x0_usart.o(i.usart_lin_break_detection_length_config), (28 bytes).
    Removing gd32f1x0_usart.o(i.usart_lin_mode_disable), (18 bytes).
    Removing gd32f1x0_usart.o(i.usart_lin_mode_enable), (18 bytes).
    Removing gd32f1x0_usart.o(i.usart_mute_mode_disable), (10 bytes).
    Removing gd32f1x0_usart.o(i.usart_mute_mode_enable), (10 bytes).
    Removing gd32f1x0_usart.o(i.usart_mute_mode_wakeup_config), (24 bytes).
    Removing gd32f1x0_usart.o(i.usart_overrun_disable), (18 bytes).
    Removing gd32f1x0_usart.o(i.usart_overrun_enable), (18 bytes).
    Removing gd32f1x0_usart.o(i.usart_oversample_config), (24 bytes).
    Removing gd32f1x0_usart.o(i.usart_parity_config), (24 bytes).
    Removing gd32f1x0_usart.o(i.usart_prescaler_config), (24 bytes).
    Removing gd32f1x0_usart.o(i.usart_receive_config), (16 bytes).
    Removing gd32f1x0_usart.o(i.usart_receiver_timeout_disable), (10 bytes).
    Removing gd32f1x0_usart.o(i.usart_receiver_timeout_enable), (10 bytes).
    Removing gd32f1x0_usart.o(i.usart_receiver_timeout_threshold_config), (16 bytes).
    Removing gd32f1x0_usart.o(i.usart_reception_error_dma_disable), (18 bytes).
    Removing gd32f1x0_usart.o(i.usart_reception_error_dma_enable), (18 bytes).
    Removing gd32f1x0_usart.o(i.usart_rs485_driver_disable), (18 bytes).
    Removing gd32f1x0_usart.o(i.usart_rs485_driver_enable), (18 bytes).
    Removing gd32f1x0_usart.o(i.usart_sample_bit_config), (24 bytes).
    Removing gd32f1x0_usart.o(i.usart_smartcard_autoretry_config), (32 bytes).
    Removing gd32f1x0_usart.o(i.usart_smartcard_mode_disable), (18 bytes).
    Removing gd32f1x0_usart.o(i.usart_smartcard_mode_enable), (18 bytes).
    Removing gd32f1x0_usart.o(i.usart_smartcard_mode_nack_disable), (18 bytes).
    Removing gd32f1x0_usart.o(i.usart_smartcard_mode_nack_enable), (18 bytes).
    Removing gd32f1x0_usart.o(i.usart_stop_bit_set), (24 bytes).
    Removing gd32f1x0_usart.o(i.usart_synchronous_clock_config), (50 bytes).
    Removing gd32f1x0_usart.o(i.usart_transmit_config), (16 bytes).
    Removing gd32f1x0_usart.o(i.usart_wakeup_disable), (10 bytes).
    Removing gd32f1x0_usart.o(i.usart_wakeup_enable), (10 bytes).
    Removing gd32f1x0_usart.o(i.usart_wakeup_mode_config), (28 bytes).
    Removing gd32f1x0_usart.o(i.usart_word_length_set), (24 bytes).
    Removing gd32f1x0_wwdgt.o(.rev16_text), (4 bytes).
    Removing gd32f1x0_wwdgt.o(.revsh_text), (4 bytes).
    Removing gd32f1x0_wwdgt.o(i.wwdgt_config), (56 bytes).
    Removing gd32f1x0_wwdgt.o(i.wwdgt_counter_update), (28 bytes).
    Removing gd32f1x0_wwdgt.o(i.wwdgt_deinit), (20 bytes).
    Removing gd32f1x0_wwdgt.o(i.wwdgt_enable), (20 bytes).
    Removing gd32f1x0_wwdgt.o(i.wwdgt_flag_clear), (20 bytes).
    Removing gd32f1x0_wwdgt.o(i.wwdgt_flag_get), (24 bytes).
    Removing gd32f1x0_wwdgt.o(i.wwdgt_interrupt_enable), (20 bytes).
    Removing gd32f130f_start.o(.rev16_text), (4 bytes).
    Removing gd32f130f_start.o(.revsh_text), (4 bytes).
    Removing gd32f130f_start.o(i.gd_eval_key_init), (128 bytes).
    Removing gd32f130f_start.o(i.gd_eval_key_state_get), (32 bytes).
    Removing gd32f130f_start.o(i.gd_eval_led_init), (84 bytes).
    Removing gd32f130f_start.o(i.gd_eval_led_off), (24 bytes).
    Removing gd32f130f_start.o(i.gd_eval_led_on), (24 bytes).
    Removing gd32f130f_start.o(i.gd_eval_led_toggle), (56 bytes).
    Removing gd32f130f_start.o(.constdata), (39 bytes).
    Removing startup_gd32f1x0.o(HEAP), (1024 bytes).

558 unused section(s) (total 18619 bytes) removed from the image.

==============================================================================

Image Symbol Table

    Local Symbols

    Symbol Name                              Value     Ov Type        Size  Object(Section)

    ../clib/microlib/init/entry.s            0x00000000   Number         0  entry5.o ABSOLUTE
    ../clib/microlib/init/entry.s            0x00000000   Number         0  entry7a.o ABSOLUTE
    ../clib/microlib/init/entry.s            0x00000000   Number         0  entry.o ABSOLUTE
    ../clib/microlib/init/entry.s            0x00000000   Number         0  entry7b.o ABSOLUTE
    ../clib/microlib/init/entry.s            0x00000000   Number         0  entry8a.o ABSOLUTE
    ../clib/microlib/init/entry.s            0x00000000   Number         0  entry8b.o ABSOLUTE
    ../clib/microlib/init/entry.s            0x00000000   Number         0  entry9b.o ABSOLUTE
    ../clib/microlib/init/entry.s            0x00000000   Number         0  entry9a.o ABSOLUTE
    ../clib/microlib/init/entry.s            0x00000000   Number         0  entry10a.o ABSOLUTE
    ../clib/microlib/init/entry.s            0x00000000   Number         0  entry11a.o ABSOLUTE
    ../clib/microlib/init/entry.s            0x00000000   Number         0  entry10b.o ABSOLUTE
    ../clib/microlib/init/entry.s            0x00000000   Number         0  entry11b.o ABSOLUTE
    ../clib/microlib/init/entry.s            0x00000000   Number         0  entry2.o ABSOLUTE
    ../clib/microlib/stubs.s                 0x00000000   Number         0  iusefp.o ABSOLUTE
    ../fplib/microlib/fpadd.c                0x00000000   Number         0  fadd.o ABSOLUTE
    ../fplib/microlib/fpdiv.c                0x00000000   Number         0  fdiv.o ABSOLUTE
    ../fplib/microlib/fpepilogue.c           0x00000000   Number         0  fepilogue.o ABSOLUTE
    ../fplib/microlib/fpfix.c                0x00000000   Number         0  ffixi.o ABSOLUTE
    ../fplib/microlib/fpfix.c                0x00000000   Number         0  ffixui.o ABSOLUTE
    ../fplib/microlib/fpflt.c                0x00000000   Number         0  ffltui.o ABSOLUTE
    ../fplib/microlib/fpmul.c                0x00000000   Number         0  fmul.o ABSOLUTE
    Core\Src\adc.c                           0x00000000   Number         0  adc.o ABSOLUTE
    Core\Src\flash.c                         0x00000000   Number         0  flash.o ABSOLUTE
    Core\Src\gd32f1x0_it.c                   0x00000000   Number         0  gd32f1x0_it.o ABSOLUTE
    Core\Src\gpio.c                          0x00000000   Number         0  gpio.o ABSOLUTE
    Core\Src\i2c.c                           0x00000000   Number         0  i2c.o ABSOLUTE
    Core\Src\main.c                          0x00000000   Number         0  main.o ABSOLUTE
    Core\Src\motor.c                         0x00000000   Number         0  motor.o ABSOLUTE
    Core\Src\rcu.c                           0x00000000   Number         0  rcu.o ABSOLUTE
    Core\Src\tim.c                           0x00000000   Number         0  tim.o ABSOLUTE
    Core\\Src\\adc.c                         0x00000000   Number         0  adc.o ABSOLUTE
    Core\\Src\\flash.c                       0x00000000   Number         0  flash.o ABSOLUTE
    Core\\Src\\gd32f1x0_it.c                 0x00000000   Number         0  gd32f1x0_it.o ABSOLUTE
    Core\\Src\\gpio.c                        0x00000000   Number         0  gpio.o ABSOLUTE
    Core\\Src\\i2c.c                         0x00000000   Number         0  i2c.o ABSOLUTE
    Core\\Src\\main.c                        0x00000000   Number         0  main.o ABSOLUTE
    Core\\Src\\motor.c                       0x00000000   Number         0  motor.o ABSOLUTE
    Core\\Src\\rcu.c                         0x00000000   Number         0  rcu.o ABSOLUTE
    Core\\Src\\tim.c                         0x00000000   Number         0  tim.o ABSOLUTE
    GD32F1x0_Firmware_Library\CMSIS\GD\GD32F1x0\Source\ARM\startup_gd32f1x0.s 0x00000000   Number         0  startup_gd32f1x0.o ABSOLUTE
    GD32F1x0_Firmware_Library\CMSIS\GD\GD32F1x0\Source\system_gd32f1x0.c 0x00000000   Number         0  system_gd32f1x0.o ABSOLUTE
    GD32F1x0_Firmware_Library\GD32F1x0_standard_peripheral\Source\gd32f1x0_adc.c 0x00000000   Number         0  gd32f1x0_adc.o ABSOLUTE
    GD32F1x0_Firmware_Library\GD32F1x0_standard_peripheral\Source\gd32f1x0_can.c 0x00000000   Number         0  gd32f1x0_can.o ABSOLUTE
    GD32F1x0_Firmware_Library\GD32F1x0_standard_peripheral\Source\gd32f1x0_cec.c 0x00000000   Number         0  gd32f1x0_cec.o ABSOLUTE
    GD32F1x0_Firmware_Library\GD32F1x0_standard_peripheral\Source\gd32f1x0_cmp.c 0x00000000   Number         0  gd32f1x0_cmp.o ABSOLUTE
    GD32F1x0_Firmware_Library\GD32F1x0_standard_peripheral\Source\gd32f1x0_crc.c 0x00000000   Number         0  gd32f1x0_crc.o ABSOLUTE
    GD32F1x0_Firmware_Library\GD32F1x0_standard_peripheral\Source\gd32f1x0_dac.c 0x00000000   Number         0  gd32f1x0_dac.o ABSOLUTE
    GD32F1x0_Firmware_Library\GD32F1x0_standard_peripheral\Source\gd32f1x0_dbg.c 0x00000000   Number         0  gd32f1x0_dbg.o ABSOLUTE
    GD32F1x0_Firmware_Library\GD32F1x0_standard_peripheral\Source\gd32f1x0_dma.c 0x00000000   Number         0  gd32f1x0_dma.o ABSOLUTE
    GD32F1x0_Firmware_Library\GD32F1x0_standard_peripheral\Source\gd32f1x0_exti.c 0x00000000   Number         0  gd32f1x0_exti.o ABSOLUTE
    GD32F1x0_Firmware_Library\GD32F1x0_standard_peripheral\Source\gd32f1x0_fmc.c 0x00000000   Number         0  gd32f1x0_fmc.o ABSOLUTE
    GD32F1x0_Firmware_Library\GD32F1x0_standard_peripheral\Source\gd32f1x0_fwdgt.c 0x00000000   Number         0  gd32f1x0_fwdgt.o ABSOLUTE
    GD32F1x0_Firmware_Library\GD32F1x0_standard_peripheral\Source\gd32f1x0_gpio.c 0x00000000   Number         0  gd32f1x0_gpio.o ABSOLUTE
    GD32F1x0_Firmware_Library\GD32F1x0_standard_peripheral\Source\gd32f1x0_i2c.c 0x00000000   Number         0  gd32f1x0_i2c.o ABSOLUTE
    GD32F1x0_Firmware_Library\GD32F1x0_standard_peripheral\Source\gd32f1x0_ivref.c 0x00000000   Number         0  gd32f1x0_ivref.o ABSOLUTE
    GD32F1x0_Firmware_Library\GD32F1x0_standard_peripheral\Source\gd32f1x0_misc.c 0x00000000   Number         0  gd32f1x0_misc.o ABSOLUTE
    GD32F1x0_Firmware_Library\GD32F1x0_standard_peripheral\Source\gd32f1x0_opa.c 0x00000000   Number         0  gd32f1x0_opa.o ABSOLUTE
    GD32F1x0_Firmware_Library\GD32F1x0_standard_peripheral\Source\gd32f1x0_pmu.c 0x00000000   Number         0  gd32f1x0_pmu.o ABSOLUTE
    GD32F1x0_Firmware_Library\GD32F1x0_standard_peripheral\Source\gd32f1x0_rcu.c 0x00000000   Number         0  gd32f1x0_rcu.o ABSOLUTE
    GD32F1x0_Firmware_Library\GD32F1x0_standard_peripheral\Source\gd32f1x0_rtc.c 0x00000000   Number         0  gd32f1x0_rtc.o ABSOLUTE
    GD32F1x0_Firmware_Library\GD32F1x0_standard_peripheral\Source\gd32f1x0_slcd.c 0x00000000   Number         0  gd32f1x0_slcd.o ABSOLUTE
    GD32F1x0_Firmware_Library\GD32F1x0_standard_peripheral\Source\gd32f1x0_spi.c 0x00000000   Number         0  gd32f1x0_spi.o ABSOLUTE
    GD32F1x0_Firmware_Library\GD32F1x0_standard_peripheral\Source\gd32f1x0_syscfg.c 0x00000000   Number         0  gd32f1x0_syscfg.o ABSOLUTE
    GD32F1x0_Firmware_Library\GD32F1x0_standard_peripheral\Source\gd32f1x0_timer.c 0x00000000   Number         0  gd32f1x0_timer.o ABSOLUTE
    GD32F1x0_Firmware_Library\GD32F1x0_standard_peripheral\Source\gd32f1x0_tsi.c 0x00000000   Number         0  gd32f1x0_tsi.o ABSOLUTE
    GD32F1x0_Firmware_Library\GD32F1x0_standard_peripheral\Source\gd32f1x0_usart.c 0x00000000   Number         0  gd32f1x0_usart.o ABSOLUTE
    GD32F1x0_Firmware_Library\GD32F1x0_standard_peripheral\Source\gd32f1x0_wwdgt.c 0x00000000   Number         0  gd32f1x0_wwdgt.o ABSOLUTE
    GD32F1x0_Firmware_Library\\CMSIS\\GD\\GD32F1x0\\Source\\system_gd32f1x0.c 0x00000000   Number         0  system_gd32f1x0.o ABSOLUTE
    GD32F1x0_Firmware_Library\\GD32F1x0_standard_peripheral\\Source\\gd32f1x0_adc.c 0x00000000   Number         0  gd32f1x0_adc.o ABSOLUTE
    GD32F1x0_Firmware_Library\\GD32F1x0_standard_peripheral\\Source\\gd32f1x0_cec.c 0x00000000   Number         0  gd32f1x0_cec.o ABSOLUTE
    GD32F1x0_Firmware_Library\\GD32F1x0_standard_peripheral\\Source\\gd32f1x0_cmp.c 0x00000000   Number         0  gd32f1x0_cmp.o ABSOLUTE
    GD32F1x0_Firmware_Library\\GD32F1x0_standard_peripheral\\Source\\gd32f1x0_crc.c 0x00000000   Number         0  gd32f1x0_crc.o ABSOLUTE
    GD32F1x0_Firmware_Library\\GD32F1x0_standard_peripheral\\Source\\gd32f1x0_dac.c 0x00000000   Number         0  gd32f1x0_dac.o ABSOLUTE
    GD32F1x0_Firmware_Library\\GD32F1x0_standard_peripheral\\Source\\gd32f1x0_dbg.c 0x00000000   Number         0  gd32f1x0_dbg.o ABSOLUTE
    GD32F1x0_Firmware_Library\\GD32F1x0_standard_peripheral\\Source\\gd32f1x0_dma.c 0x00000000   Number         0  gd32f1x0_dma.o ABSOLUTE
    GD32F1x0_Firmware_Library\\GD32F1x0_standard_peripheral\\Source\\gd32f1x0_exti.c 0x00000000   Number         0  gd32f1x0_exti.o ABSOLUTE
    GD32F1x0_Firmware_Library\\GD32F1x0_standard_peripheral\\Source\\gd32f1x0_fmc.c 0x00000000   Number         0  gd32f1x0_fmc.o ABSOLUTE
    GD32F1x0_Firmware_Library\\GD32F1x0_standard_peripheral\\Source\\gd32f1x0_fwdgt.c 0x00000000   Number         0  gd32f1x0_fwdgt.o ABSOLUTE
    GD32F1x0_Firmware_Library\\GD32F1x0_standard_peripheral\\Source\\gd32f1x0_gpio.c 0x00000000   Number         0  gd32f1x0_gpio.o ABSOLUTE
    GD32F1x0_Firmware_Library\\GD32F1x0_standard_peripheral\\Source\\gd32f1x0_i2c.c 0x00000000   Number         0  gd32f1x0_i2c.o ABSOLUTE
    GD32F1x0_Firmware_Library\\GD32F1x0_standard_peripheral\\Source\\gd32f1x0_misc.c 0x00000000   Number         0  gd32f1x0_misc.o ABSOLUTE
    GD32F1x0_Firmware_Library\\GD32F1x0_standard_peripheral\\Source\\gd32f1x0_pmu.c 0x00000000   Number         0  gd32f1x0_pmu.o ABSOLUTE
    GD32F1x0_Firmware_Library\\GD32F1x0_standard_peripheral\\Source\\gd32f1x0_rcu.c 0x00000000   Number         0  gd32f1x0_rcu.o ABSOLUTE
    GD32F1x0_Firmware_Library\\GD32F1x0_standard_peripheral\\Source\\gd32f1x0_rtc.c 0x00000000   Number         0  gd32f1x0_rtc.o ABSOLUTE
    GD32F1x0_Firmware_Library\\GD32F1x0_standard_peripheral\\Source\\gd32f1x0_spi.c 0x00000000   Number         0  gd32f1x0_spi.o ABSOLUTE
    GD32F1x0_Firmware_Library\\GD32F1x0_standard_peripheral\\Source\\gd32f1x0_syscfg.c 0x00000000   Number         0  gd32f1x0_syscfg.o ABSOLUTE
    GD32F1x0_Firmware_Library\\GD32F1x0_standard_peripheral\\Source\\gd32f1x0_timer.c 0x00000000   Number         0  gd32f1x0_timer.o ABSOLUTE
    GD32F1x0_Firmware_Library\\GD32F1x0_standard_peripheral\\Source\\gd32f1x0_tsi.c 0x00000000   Number         0  gd32f1x0_tsi.o ABSOLUTE
    GD32F1x0_Firmware_Library\\GD32F1x0_standard_peripheral\\Source\\gd32f1x0_usart.c 0x00000000   Number         0  gd32f1x0_usart.o ABSOLUTE
    GD32F1x0_Firmware_Library\\GD32F1x0_standard_peripheral\\Source\\gd32f1x0_wwdgt.c 0x00000000   Number         0  gd32f1x0_wwdgt.o ABSOLUTE
    Utilities\\gd32f130f_start.c             0x00000000   Number         0  gd32f130f_start.o ABSOLUTE
    Utilities\gd32f130f_start.c              0x00000000   Number         0  gd32f130f_start.o ABSOLUTE
    cfcmple.s                                0x00000000   Number         0  cfcmple.o ABSOLUTE
    cfrcmple.s                               0x00000000   Number         0  cfrcmple.o ABSOLUTE
    dc.s                                     0x00000000   Number         0  dc.o ABSOLUTE
    handlers.s                               0x00000000   Number         0  handlers.o ABSOLUTE
    init.s                                   0x00000000   Number         0  init.o ABSOLUTE
    systick.c                                0x00000000   Number         0  systick.o ABSOLUTE
    systick.c                                0x00000000   Number         0  systick.o ABSOLUTE
    RESET                                    0x08000000   Section      360  startup_gd32f1x0.o(RESET)
    .ARM.Collect$$$$00000000                 0x08000168   Section        0  entry.o(.ARM.Collect$$$$00000000)
    .ARM.Collect$$$$00000001                 0x08000168   Section        4  entry2.o(.ARM.Collect$$$$00000001)
    .ARM.Collect$$$$00000004                 0x0800016c   Section        4  entry5.o(.ARM.Collect$$$$00000004)
    .ARM.Collect$$$$00000008                 0x08000170   Section        0  entry7b.o(.ARM.Collect$$$$00000008)
    .ARM.Collect$$$$0000000A                 0x08000170   Section        0  entry8b.o(.ARM.Collect$$$$0000000A)
    .ARM.Collect$$$$0000000B                 0x08000170   Section        8  entry9a.o(.ARM.Collect$$$$0000000B)
    .ARM.Collect$$$$0000000D                 0x08000178   Section        0  entry10a.o(.ARM.Collect$$$$0000000D)
    .ARM.Collect$$$$0000000F                 0x08000178   Section        0  entry11a.o(.ARM.Collect$$$$0000000F)
    .ARM.Collect$$$$00002712                 0x08000178   Section        4  entry2.o(.ARM.Collect$$$$00002712)
    __lit__00000000                          0x08000178   Data           4  entry2.o(.ARM.Collect$$$$00002712)
    .text                                    0x0800017c   Section       36  startup_gd32f1x0.o(.text)
    .text                                    0x080001a0   Section        0  fadd.o(.text)
    .text                                    0x08000250   Section        0  fmul.o(.text)
    .text                                    0x080002b4   Section        0  fdiv.o(.text)
    .text                                    0x08000330   Section        0  ffltui.o(.text)
    .text                                    0x0800033a   Section        0  ffixi.o(.text)
    .text                                    0x0800036c   Section        0  ffixui.o(.text)
    .text                                    0x08000394   Section       20  cfcmple.o(.text)
    .text                                    0x080003a8   Section       20  cfrcmple.o(.text)
    .text                                    0x080003bc   Section        0  iusefp.o(.text)
    .text                                    0x080003bc   Section        0  fepilogue.o(.text)
    .text                                    0x0800042c   Section       36  init.o(.text)
    i.BusFault_Handler                       0x08000450   Section        0  gd32f1x0_it.o(i.BusFault_Handler)
    i.CalcDceOutput                          0x08000454   Section        0  motor.o(i.CalcDceOutput)
    i.DMA_Channel0_IRQHandler                0x08000548   Section        0  gd32f1x0_it.o(i.DMA_Channel0_IRQHandler)
    i.DebugMon_Handler                       0x08000562   Section        0  gd32f1x0_it.o(i.DebugMon_Handler)
    i.HardFault_Handler                      0x08000564   Section        0  gd32f1x0_it.o(i.HardFault_Handler)
    i.I2C0_EV_IRQHandler                     0x08000568   Section        0  gd32f1x0_it.o(i.I2C0_EV_IRQHandler)
    i.MemManage_Handler                      0x0800063c   Section        0  gd32f1x0_it.o(i.MemManage_Handler)
    i.NMI_Handler                            0x08000640   Section        0  gd32f1x0_it.o(i.NMI_Handler)
    i.NVIC_SetPriority                       0x08000644   Section        0  systick.o(i.NVIC_SetPriority)
    NVIC_SetPriority                         0x08000645   Thumb Code    32  systick.o(i.NVIC_SetPriority)
    i.PendSV_Handler                         0x0800066c   Section        0  gd32f1x0_it.o(i.PendSV_Handler)
    i.SVC_Handler                            0x0800066e   Section        0  gd32f1x0_it.o(i.SVC_Handler)
    i.SetEnable                              0x08000670   Section        0  motor.o(i.SetEnable)
    i.SetPwm                                 0x08000678   Section        0  motor.o(i.SetPwm)
    i.SetTorqueLimit                         0x080006ec   Section        0  motor.o(i.SetTorqueLimit)
    i.SysTick_Handler                        0x08000720   Section        0  gd32f1x0_it.o(i.SysTick_Handler)
    i.SystemInit                             0x08000728   Section        0  system_gd32f1x0.o(i.SystemInit)
    i.TIMER13_IRQHandler                     0x08000804   Section        0  gd32f1x0_it.o(i.TIMER13_IRQHandler)
    i.UsageFault_Handler                     0x08000824   Section        0  gd32f1x0_it.o(i.UsageFault_Handler)
    i.__scatterload_copy                     0x08000828   Section       14  handlers.o(i.__scatterload_copy)
    i.__scatterload_null                     0x08000836   Section        2  handlers.o(i.__scatterload_null)
    i.__scatterload_zeroinit                 0x08000838   Section       14  handlers.o(i.__scatterload_zeroinit)
    i.adc_calibration_enable                 0x08000848   Section        0  gd32f1x0_adc.o(i.adc_calibration_enable)
    i.adc_channel_length_config              0x08000884   Section        0  gd32f1x0_adc.o(i.adc_channel_length_config)
    i.adc_config                             0x080008e4   Section        0  adc.o(i.adc_config)
    i.adc_data_alignment_config              0x08000934   Section        0  gd32f1x0_adc.o(i.adc_data_alignment_config)
    i.adc_disable                            0x08000958   Section        0  gd32f1x0_adc.o(i.adc_disable)
    i.adc_dma_mode_enable                    0x0800096c   Section        0  gd32f1x0_adc.o(i.adc_dma_mode_enable)
    i.adc_enable                             0x08000980   Section        0  gd32f1x0_adc.o(i.adc_enable)
    i.adc_external_trigger_config            0x0800099c   Section        0  gd32f1x0_adc.o(i.adc_external_trigger_config)
    i.adc_external_trigger_source_config     0x080009f0   Section        0  gd32f1x0_adc.o(i.adc_external_trigger_source_config)
    i.adc_regular_channel_config             0x08000a30   Section        0  gd32f1x0_adc.o(i.adc_regular_channel_config)
    i.adc_software_trigger_enable            0x08000b0c   Section        0  gd32f1x0_adc.o(i.adc_software_trigger_enable)
    i.adc_special_function_config            0x08000b38   Section        0  gd32f1x0_adc.o(i.adc_special_function_config)
    i.adc_start                              0x08000bb8   Section        0  adc.o(i.adc_start)
    i.delay_decrement                        0x08000bc8   Section        0  systick.o(i.delay_decrement)
    i.dma_InterruptCallback                  0x08000be0   Section        0  main.o(i.dma_InterruptCallback)
    i.dma_channel_disable                    0x08000c1c   Section        0  gd32f1x0_dma.o(i.dma_channel_disable)
    i.dma_channel_enable                     0x08000c40   Section        0  gd32f1x0_dma.o(i.dma_channel_enable)
    i.dma_circulation_enable                 0x08000c64   Section        0  gd32f1x0_dma.o(i.dma_circulation_enable)
    i.dma_config                             0x08000c88   Section        0  adc.o(i.dma_config)
    i.dma_deinit                             0x08000cf4   Section        0  gd32f1x0_dma.o(i.dma_deinit)
    i.dma_init                               0x08000d50   Section        0  gd32f1x0_dma.o(i.dma_init)
    i.dma_interrupt_enable                   0x08000e6c   Section        0  gd32f1x0_dma.o(i.dma_interrupt_enable)
    i.dma_interrupt_flag_clear               0x08000e90   Section        0  gd32f1x0_dma.o(i.dma_interrupt_flag_clear)
    i.dma_interrupt_flag_get                 0x08000ea8   Section        0  gd32f1x0_dma.o(i.dma_interrupt_flag_get)
    i.dma_memory_to_memory_disable           0x08000f34   Section        0  gd32f1x0_dma.o(i.dma_memory_to_memory_disable)
    i.fmc_lock                               0x08000f58   Section        0  gd32f1x0_fmc.o(i.fmc_lock)
    i.fmc_page_erase                         0x08000f6c   Section        0  gd32f1x0_fmc.o(i.fmc_page_erase)
    i.fmc_read                               0x08000fb4   Section        0  flash.o(i.fmc_read)
    i.fmc_ready_wait                         0x08000fd4   Section        0  gd32f1x0_fmc.o(i.fmc_ready_wait)
    fmc_ready_wait                           0x08000fd5   Thumb Code    34  gd32f1x0_fmc.o(i.fmc_ready_wait)
    i.fmc_state_get                          0x08000ff8   Section        0  gd32f1x0_fmc.o(i.fmc_state_get)
    fmc_state_get                            0x08000ff9   Thumb Code    44  gd32f1x0_fmc.o(i.fmc_state_get)
    i.fmc_unlock                             0x08001028   Section        0  gd32f1x0_fmc.o(i.fmc_unlock)
    i.fmc_word_program                       0x0800104c   Section        0  gd32f1x0_fmc.o(i.fmc_word_program)
    i.fmc_write                              0x0800108c   Section        0  flash.o(i.fmc_write)
    i.gpio_af_set                            0x08001100   Section        0  gd32f1x0_gpio.o(i.gpio_af_set)
    i.gpio_bit_reset                         0x0800115e   Section        0  gd32f1x0_gpio.o(i.gpio_bit_reset)
    i.gpio_bit_set                           0x08001162   Section        0  gd32f1x0_gpio.o(i.gpio_bit_set)
    i.gpio_config                            0x08001168   Section        0  gpio.o(i.gpio_config)
    i.gpio_mode_set                          0x0800120c   Section        0  gd32f1x0_gpio.o(i.gpio_mode_set)
    i.gpio_output_options_set                0x0800125a   Section        0  gd32f1x0_gpio.o(i.gpio_output_options_set)
    i.i2c_SlaveRxCpltCallback                0x0800129c   Section        0  main.o(i.i2c_SlaveRxCpltCallback)
    i.i2c_ack_config                         0x0800155c   Section        0  gd32f1x0_i2c.o(i.i2c_ack_config)
    i.i2c_clock_config                       0x08001574   Section        0  gd32f1x0_i2c.o(i.i2c_clock_config)
    i.i2c_config                             0x08001658   Section        0  i2c.o(i.i2c_config)
    i.i2c_data_receive                       0x080016b4   Section        0  gd32f1x0_i2c.o(i.i2c_data_receive)
    i.i2c_data_transmit                      0x080016bc   Section        0  gd32f1x0_i2c.o(i.i2c_data_transmit)
    i.i2c_enable                             0x080016c2   Section        0  gd32f1x0_i2c.o(i.i2c_enable)
    i.i2c_interrupt_enable                   0x080016cc   Section        0  gd32f1x0_i2c.o(i.i2c_interrupt_enable)
    i.i2c_interrupt_flag_clear               0x080016e8   Section        0  gd32f1x0_i2c.o(i.i2c_interrupt_flag_clear)
    i.i2c_interrupt_flag_get                 0x08001714   Section        0  gd32f1x0_i2c.o(i.i2c_interrupt_flag_get)
    i.i2c_mode_addr_config                   0x08001770   Section        0  gd32f1x0_i2c.o(i.i2c_mode_addr_config)
    i.i2c_stop_on_bus                        0x0800178c   Section        0  gd32f1x0_i2c.o(i.i2c_stop_on_bus)
    i.main                                   0x08001796   Section        0  main.o(i.main)
    i.nvic_irq_enable                        0x080017c0   Section        0  gd32f1x0_misc.o(i.nvic_irq_enable)
    i.nvic_priority_group_set                0x0800186c   Section        0  gd32f1x0_misc.o(i.nvic_priority_group_set)
    i.nvic_vector_table_set                  0x08001880   Section        0  gd32f1x0_misc.o(i.nvic_vector_table_set)
    i.rcu_adc_clock_config                   0x08001898   Section        0  gd32f1x0_rcu.o(i.rcu_adc_clock_config)
    i.rcu_clock_freq_get                     0x08001930   Section        0  gd32f1x0_rcu.o(i.rcu_clock_freq_get)
    i.rcu_config                             0x08001bd8   Section        0  rcu.o(i.rcu_config)
    i.rcu_periph_clock_enable                0x08001c1c   Section        0  gd32f1x0_rcu.o(i.rcu_periph_clock_enable)
    i.rcu_periph_reset_disable               0x08001c3c   Section        0  gd32f1x0_rcu.o(i.rcu_periph_reset_disable)
    i.rcu_periph_reset_enable                0x08001c5c   Section        0  gd32f1x0_rcu.o(i.rcu_periph_reset_enable)
    i.system_clock_8m_irc8m                  0x08001c7c   Section        0  system_gd32f1x0.o(i.system_clock_8m_irc8m)
    system_clock_8m_irc8m                    0x08001c7d   Thumb Code    50  system_gd32f1x0.o(i.system_clock_8m_irc8m)
    i.system_clock_config                    0x08001cb4   Section        0  system_gd32f1x0.o(i.system_clock_config)
    system_clock_config                      0x08001cb5   Thumb Code     8  system_gd32f1x0.o(i.system_clock_config)
    i.systick_config                         0x08001cbc   Section        0  systick.o(i.systick_config)
    i.tim13_PeriodElapsedCallback            0x08001d0c   Section        0  main.o(i.tim13_PeriodElapsedCallback)
    i.tim13_config                           0x08001da0   Section        0  tim.o(i.tim13_config)
    i.tim2_config                            0x08001df0   Section        0  tim.o(i.tim2_config)
    i.timer_auto_reload_shadow_enable        0x08001e90   Section        0  gd32f1x0_timer.o(i.timer_auto_reload_shadow_enable)
    i.timer_channel_output_config            0x08001e9c   Section        0  gd32f1x0_timer.o(i.timer_channel_output_config)
    i.timer_channel_output_mode_config       0x080020a4   Section        0  gd32f1x0_timer.o(i.timer_channel_output_mode_config)
    i.timer_channel_output_pulse_value_config 0x080020fe   Section        0  gd32f1x0_timer.o(i.timer_channel_output_pulse_value_config)
    i.timer_channel_output_shadow_config     0x08002124   Section        0  gd32f1x0_timer.o(i.timer_channel_output_shadow_config)
    i.timer_deinit                           0x08002180   Section        0  gd32f1x0_timer.o(i.timer_deinit)
    i.timer_enable                           0x0800225c   Section        0  gd32f1x0_timer.o(i.timer_enable)
    i.timer_init                             0x08002268   Section        0  gd32f1x0_timer.o(i.timer_init)
    i.timer_interrupt_enable                 0x08002314   Section        0  gd32f1x0_timer.o(i.timer_interrupt_enable)
    i.timer_interrupt_flag_clear             0x0800231c   Section        0  gd32f1x0_timer.o(i.timer_interrupt_flag_clear)
    i.timer_interrupt_flag_get               0x08002322   Section        0  gd32f1x0_timer.o(i.timer_interrupt_flag_get)
    i.user_main                              0x0800233c   Section        0  main.o(i.user_main)
    .data                                    0x20000000   Section        4  systick.o(.data)
    delay                                    0x20000000   Data           4  systick.o(.data)
    .data                                    0x20000004   Section        8  gd32f1x0_it.o(.data)
    I2cTxIndex                               0x20000004   Data           4  gd32f1x0_it.o(.data)
    I2cRxIndex                               0x20000008   Data           4  gd32f1x0_it.o(.data)
    .data                                    0x2000000c   Section        4  adc.o(.data)
    .data                                    0x20000010   Section       16  i2c.o(.data)
    .data                                    0x20000020   Section        4  system_gd32f1x0.o(.data)
    .bss                                     0x20000024   Section      132  main.o(.bss)
    .bss                                     0x200000a8   Section       16  adc.o(.bss)
    STACK                                    0x200000b8   Section     1024  startup_gd32f1x0.o(STACK)

    Global Symbols

    Symbol Name                              Value     Ov Type        Size  Object(Section)

    BuildAttributes$$THM_ISAv4$P$D$K$B$S$PE$A:L22UL41UL21$X:L11$S22US41US21$IEEE1$IW$USESV6$~STKCKD$USESV7$~SHL$OTIME$ROPI$EBA8$MICROLIB$REQ8$PRES8$EABIv2 0x00000000   Number         0  anon$$obj.o ABSOLUTE
    __ARM_use_no_argv                        0x00000000   Number         0  main.o ABSOLUTE
    __cpp_initialize__aeabi_                  - Undefined Weak Reference
    __cxa_finalize                            - Undefined Weak Reference
    __decompress                              - Undefined Weak Reference
    _clock_init                               - Undefined Weak Reference
    _microlib_exit                            - Undefined Weak Reference
    __Vectors_Size                           0x00000168   Number         0  startup_gd32f1x0.o ABSOLUTE
    __Vectors                                0x08000000   Data           4  startup_gd32f1x0.o(RESET)
    __Vectors_End                            0x08000168   Data           0  startup_gd32f1x0.o(RESET)
    __main                                   0x08000169   Thumb Code     0  entry.o(.ARM.Collect$$$$00000000)
    _main_stk                                0x08000169   Thumb Code     0  entry2.o(.ARM.Collect$$$$00000001)
    _main_scatterload                        0x0800016d   Thumb Code     0  entry5.o(.ARM.Collect$$$$00000004)
    __main_after_scatterload                 0x08000171   Thumb Code     0  entry5.o(.ARM.Collect$$$$00000004)
    _main_clock                              0x08000171   Thumb Code     0  entry7b.o(.ARM.Collect$$$$00000008)
    _main_cpp_init                           0x08000171   Thumb Code     0  entry8b.o(.ARM.Collect$$$$0000000A)
    _main_init                               0x08000171   Thumb Code     0  entry9a.o(.ARM.Collect$$$$0000000B)
    __rt_final_cpp                           0x08000179   Thumb Code     0  entry10a.o(.ARM.Collect$$$$0000000D)
    __rt_final_exit                          0x08000179   Thumb Code     0  entry11a.o(.ARM.Collect$$$$0000000F)
    Reset_Handler                            0x0800017d   Thumb Code     8  startup_gd32f1x0.o(.text)
    ADC_CMP_IRQHandler                       0x08000197   Thumb Code     0  startup_gd32f1x0.o(.text)
    CAN0_RX0_IRQHandler                      0x08000197   Thumb Code     0  startup_gd32f1x0.o(.text)
    CAN0_RX1_IRQHandler                      0x08000197   Thumb Code     0  startup_gd32f1x0.o(.text)
    CAN0_SCE_IRQHandler                      0x08000197   Thumb Code     0  startup_gd32f1x0.o(.text)
    CAN0_TX_IRQHandler                       0x08000197   Thumb Code     0  startup_gd32f1x0.o(.text)
    CAN1_RX0_IRQHandler                      0x08000197   Thumb Code     0  startup_gd32f1x0.o(.text)
    CAN1_RX1_IRQHandler                      0x08000197   Thumb Code     0  startup_gd32f1x0.o(.text)
    CAN1_SCE_IRQHandler                      0x08000197   Thumb Code     0  startup_gd32f1x0.o(.text)
    CAN1_TX_IRQHandler                       0x08000197   Thumb Code     0  startup_gd32f1x0.o(.text)
    CEC_IRQHandler                           0x08000197   Thumb Code     0  startup_gd32f1x0.o(.text)
    DMA_Channel1_2_IRQHandler                0x08000197   Thumb Code     0  startup_gd32f1x0.o(.text)
    DMA_Channel3_4_IRQHandler                0x08000197   Thumb Code     0  startup_gd32f1x0.o(.text)
    DMA_Channel5_6_IRQHandler                0x08000197   Thumb Code     0  startup_gd32f1x0.o(.text)
    EXTI0_1_IRQHandler                       0x08000197   Thumb Code     0  startup_gd32f1x0.o(.text)
    EXTI2_3_IRQHandler                       0x08000197   Thumb Code     0  startup_gd32f1x0.o(.text)
    EXTI4_15_IRQHandler                      0x08000197   Thumb Code     0  startup_gd32f1x0.o(.text)
    FMC_IRQHandler                           0x08000197   Thumb Code     0  startup_gd32f1x0.o(.text)
    I2C0_ER_IRQHandler                       0x08000197   Thumb Code     0  startup_gd32f1x0.o(.text)
    I2C1_ER_IRQHandler                       0x08000197   Thumb Code     0  startup_gd32f1x0.o(.text)
    I2C1_EV_IRQHandler                       0x08000197   Thumb Code     0  startup_gd32f1x0.o(.text)
    I2C2_ER_IRQHandler                       0x08000197   Thumb Code     0  startup_gd32f1x0.o(.text)
    I2C2_EV_IRQHandler                       0x08000197   Thumb Code     0  startup_gd32f1x0.o(.text)
    LVD_IRQHandler                           0x08000197   Thumb Code     0  startup_gd32f1x0.o(.text)
    RCU_IRQHandler                           0x08000197   Thumb Code     0  startup_gd32f1x0.o(.text)
    RTC_IRQHandler                           0x08000197   Thumb Code     0  startup_gd32f1x0.o(.text)
    SLCD_IRQHandler                          0x08000197   Thumb Code     0  startup_gd32f1x0.o(.text)
    SPI0_IRQHandler                          0x08000197   Thumb Code     0  startup_gd32f1x0.o(.text)
    SPI1_IRQHandler                          0x08000197   Thumb Code     0  startup_gd32f1x0.o(.text)
    SPI2_IRQHandler                          0x08000197   Thumb Code     0  startup_gd32f1x0.o(.text)
    TIMER0_BRK_UP_TRG_COM_IRQHandler         0x08000197   Thumb Code     0  startup_gd32f1x0.o(.text)
    TIMER0_Channel_IRQHandler                0x08000197   Thumb Code     0  startup_gd32f1x0.o(.text)
    TIMER14_IRQHandler                       0x08000197   Thumb Code     0  startup_gd32f1x0.o(.text)
    TIMER15_IRQHandler                       0x08000197   Thumb Code     0  startup_gd32f1x0.o(.text)
    TIMER16_IRQHandler                       0x08000197   Thumb Code     0  startup_gd32f1x0.o(.text)
    TIMER1_IRQHandler                        0x08000197   Thumb Code     0  startup_gd32f1x0.o(.text)
    TIMER2_IRQHandler                        0x08000197   Thumb Code     0  startup_gd32f1x0.o(.text)
    TIMER5_DAC_IRQHandler                    0x08000197   Thumb Code     0  startup_gd32f1x0.o(.text)
    TSI_IRQHandler                           0x08000197   Thumb Code     0  startup_gd32f1x0.o(.text)
    USART0_IRQHandler                        0x08000197   Thumb Code     0  startup_gd32f1x0.o(.text)
    USART1_IRQHandler                        0x08000197   Thumb Code     0  startup_gd32f1x0.o(.text)
    USBDWakeUp_IRQHandler                    0x08000197   Thumb Code     0  startup_gd32f1x0.o(.text)
    USBD_HP_IRQHandler                       0x08000197   Thumb Code     0  startup_gd32f1x0.o(.text)
    USBD_LP_IRQHandler                       0x08000197   Thumb Code     0  startup_gd32f1x0.o(.text)
    WWDGT_IRQHandler                         0x08000197   Thumb Code     0  startup_gd32f1x0.o(.text)
    __aeabi_fadd                             0x080001a1   Thumb Code   164  fadd.o(.text)
    __aeabi_fsub                             0x08000245   Thumb Code     6  fadd.o(.text)
    __aeabi_frsub                            0x0800024b   Thumb Code     6  fadd.o(.text)
    __aeabi_fmul                             0x08000251   Thumb Code   100  fmul.o(.text)
    __aeabi_fdiv                             0x080002b5   Thumb Code   124  fdiv.o(.text)
    __aeabi_ui2f                             0x08000331   Thumb Code    10  ffltui.o(.text)
    __aeabi_f2iz                             0x0800033b   Thumb Code    50  ffixi.o(.text)
    __aeabi_f2uiz                            0x0800036d   Thumb Code    40  ffixui.o(.text)
    __aeabi_cfcmpeq                          0x08000395   Thumb Code     0  cfcmple.o(.text)
    __aeabi_cfcmple                          0x08000395   Thumb Code    20  cfcmple.o(.text)
    __aeabi_cfrcmple                         0x080003a9   Thumb Code    20  cfrcmple.o(.text)
    __I$use$fp                               0x080003bd   Thumb Code     0  iusefp.o(.text)
    _float_round                             0x080003bd   Thumb Code    18  fepilogue.o(.text)
    _float_epilogue                          0x080003cf   Thumb Code    92  fepilogue.o(.text)
    __scatterload                            0x0800042d   Thumb Code    28  init.o(.text)
    __scatterload_rt2                        0x0800042d   Thumb Code     0  init.o(.text)
    BusFault_Handler                         0x08000451   Thumb Code     4  gd32f1x0_it.o(i.BusFault_Handler)
    CalcDceOutput                            0x08000455   Thumb Code   234  motor.o(i.CalcDceOutput)
    DMA_Channel0_IRQHandler                  0x08000549   Thumb Code    26  gd32f1x0_it.o(i.DMA_Channel0_IRQHandler)
    DebugMon_Handler                         0x08000563   Thumb Code     2  gd32f1x0_it.o(i.DebugMon_Handler)
    HardFault_Handler                        0x08000565   Thumb Code     4  gd32f1x0_it.o(i.HardFault_Handler)
    I2C0_EV_IRQHandler                       0x08000569   Thumb Code   172  gd32f1x0_it.o(i.I2C0_EV_IRQHandler)
    MemManage_Handler                        0x0800063d   Thumb Code     4  gd32f1x0_it.o(i.MemManage_Handler)
    NMI_Handler                              0x08000641   Thumb Code     2  gd32f1x0_it.o(i.NMI_Handler)
    PendSV_Handler                           0x0800066d   Thumb Code     2  gd32f1x0_it.o(i.PendSV_Handler)
    SVC_Handler                              0x0800066f   Thumb Code     2  gd32f1x0_it.o(i.SVC_Handler)
    SetEnable                                0x08000671   Thumb Code     6  motor.o(i.SetEnable)
    SetPwm                                   0x08000679   Thumb Code   110  motor.o(i.SetPwm)
    SetTorqueLimit                           0x080006ed   Thumb Code    48  motor.o(i.SetTorqueLimit)
    SysTick_Handler                          0x08000721   Thumb Code     8  gd32f1x0_it.o(i.SysTick_Handler)
    SystemInit                               0x08000729   Thumb Code   204  system_gd32f1x0.o(i.SystemInit)
    TIMER13_IRQHandler                       0x08000805   Thumb Code    26  gd32f1x0_it.o(i.TIMER13_IRQHandler)
    UsageFault_Handler                       0x08000825   Thumb Code     4  gd32f1x0_it.o(i.UsageFault_Handler)
    __scatterload_copy                       0x08000829   Thumb Code    14  handlers.o(i.__scatterload_copy)
    __scatterload_null                       0x08000837   Thumb Code     2  handlers.o(i.__scatterload_null)
    __scatterload_zeroinit                   0x08000839   Thumb Code    14  handlers.o(i.__scatterload_zeroinit)
    adc_calibration_enable                   0x08000849   Thumb Code    54  gd32f1x0_adc.o(i.adc_calibration_enable)
    adc_channel_length_config                0x08000885   Thumb Code    92  gd32f1x0_adc.o(i.adc_channel_length_config)
    adc_config                               0x080008e5   Thumb Code    80  adc.o(i.adc_config)
    adc_data_alignment_config                0x08000935   Thumb Code    30  gd32f1x0_adc.o(i.adc_data_alignment_config)
    adc_disable                              0x08000959   Thumb Code    14  gd32f1x0_adc.o(i.adc_disable)
    adc_dma_mode_enable                      0x0800096d   Thumb Code    14  gd32f1x0_adc.o(i.adc_dma_mode_enable)
    adc_enable                               0x08000981   Thumb Code    24  gd32f1x0_adc.o(i.adc_enable)
    adc_external_trigger_config              0x0800099d   Thumb Code    78  gd32f1x0_adc.o(i.adc_external_trigger_config)
    adc_external_trigger_source_config       0x080009f1   Thumb Code    60  gd32f1x0_adc.o(i.adc_external_trigger_source_config)
    adc_regular_channel_config               0x08000a31   Thumb Code   214  gd32f1x0_adc.o(i.adc_regular_channel_config)
    adc_software_trigger_enable              0x08000b0d   Thumb Code    38  gd32f1x0_adc.o(i.adc_software_trigger_enable)
    adc_special_function_config              0x08000b39   Thumb Code   122  gd32f1x0_adc.o(i.adc_special_function_config)
    adc_start                                0x08000bb9   Thumb Code    14  adc.o(i.adc_start)
    delay_decrement                          0x08000bc9   Thumb Code    18  systick.o(i.delay_decrement)
    dma_InterruptCallback                    0x08000be1   Thumb Code    52  main.o(i.dma_InterruptCallback)
    dma_channel_disable                      0x08000c1d   Thumb Code    30  gd32f1x0_dma.o(i.dma_channel_disable)
    dma_channel_enable                       0x08000c41   Thumb Code    30  gd32f1x0_dma.o(i.dma_channel_enable)
    dma_circulation_enable                   0x08000c65   Thumb Code    30  gd32f1x0_dma.o(i.dma_circulation_enable)
    dma_config                               0x08000c89   Thumb Code   100  adc.o(i.dma_config)
    dma_deinit                               0x08000cf5   Thumb Code    88  gd32f1x0_dma.o(i.dma_deinit)
    dma_init                                 0x08000d51   Thumb Code   280  gd32f1x0_dma.o(i.dma_init)
    dma_interrupt_enable                     0x08000e6d   Thumb Code    30  gd32f1x0_dma.o(i.dma_interrupt_enable)
    dma_interrupt_flag_clear                 0x08000e91   Thumb Code    18  gd32f1x0_dma.o(i.dma_interrupt_flag_clear)
    dma_interrupt_flag_get                   0x08000ea9   Thumb Code   134  gd32f1x0_dma.o(i.dma_interrupt_flag_get)
    dma_memory_to_memory_disable             0x08000f35   Thumb Code    30  gd32f1x0_dma.o(i.dma_memory_to_memory_disable)
    fmc_lock                                 0x08000f59   Thumb Code    14  gd32f1x0_fmc.o(i.fmc_lock)
    fmc_page_erase                           0x08000f6d   Thumb Code    66  gd32f1x0_fmc.o(i.fmc_page_erase)
    fmc_read                                 0x08000fb5   Thumb Code    26  flash.o(i.fmc_read)
    fmc_unlock                               0x08001029   Thumb Code    22  gd32f1x0_fmc.o(i.fmc_unlock)
    fmc_word_program                         0x0800104d   Thumb Code    58  gd32f1x0_fmc.o(i.fmc_word_program)
    fmc_write                                0x0800108d   Thumb Code   112  flash.o(i.fmc_write)
    gpio_af_set                              0x08001101   Thumb Code    94  gd32f1x0_gpio.o(i.gpio_af_set)
    gpio_bit_reset                           0x0800115f   Thumb Code     4  gd32f1x0_gpio.o(i.gpio_bit_reset)
    gpio_bit_set                             0x08001163   Thumb Code     4  gd32f1x0_gpio.o(i.gpio_bit_set)
    gpio_config                              0x08001169   Thumb Code   160  gpio.o(i.gpio_config)
    gpio_mode_set                            0x0800120d   Thumb Code    78  gd32f1x0_gpio.o(i.gpio_mode_set)
    gpio_output_options_set                  0x0800125b   Thumb Code    66  gd32f1x0_gpio.o(i.gpio_output_options_set)
    i2c_SlaveRxCpltCallback                  0x0800129d   Thumb Code   688  main.o(i.i2c_SlaveRxCpltCallback)
    i2c_ack_config                           0x0800155d   Thumb Code    24  gd32f1x0_i2c.o(i.i2c_ack_config)
    i2c_clock_config                         0x08001575   Thumb Code   216  gd32f1x0_i2c.o(i.i2c_clock_config)
    i2c_config                               0x08001659   Thumb Code    82  i2c.o(i.i2c_config)
    i2c_data_receive                         0x080016b5   Thumb Code     8  gd32f1x0_i2c.o(i.i2c_data_receive)
    i2c_data_transmit                        0x080016bd   Thumb Code     6  gd32f1x0_i2c.o(i.i2c_data_transmit)
    i2c_enable                               0x080016c3   Thumb Code    10  gd32f1x0_i2c.o(i.i2c_enable)
    i2c_interrupt_enable                     0x080016cd   Thumb Code    26  gd32f1x0_i2c.o(i.i2c_interrupt_enable)
    i2c_interrupt_flag_clear                 0x080016e9   Thumb Code    38  gd32f1x0_i2c.o(i.i2c_interrupt_flag_clear)
    i2c_interrupt_flag_get                   0x08001715   Thumb Code    84  gd32f1x0_i2c.o(i.i2c_interrupt_flag_get)
    i2c_mode_addr_config                     0x08001771   Thumb Code    28  gd32f1x0_i2c.o(i.i2c_mode_addr_config)
    i2c_stop_on_bus                          0x0800178d   Thumb Code    10  gd32f1x0_i2c.o(i.i2c_stop_on_bus)
    main                                     0x08001797   Thumb Code    40  main.o(i.main)
    nvic_irq_enable                          0x080017c1   Thumb Code   162  gd32f1x0_misc.o(i.nvic_irq_enable)
    nvic_priority_group_set                  0x0800186d   Thumb Code    10  gd32f1x0_misc.o(i.nvic_priority_group_set)
    nvic_vector_table_set                    0x08001881   Thumb Code    16  gd32f1x0_misc.o(i.nvic_vector_table_set)
    rcu_adc_clock_config                     0x08001899   Thumb Code   148  gd32f1x0_rcu.o(i.rcu_adc_clock_config)
    rcu_clock_freq_get                       0x08001931   Thumb Code   646  gd32f1x0_rcu.o(i.rcu_clock_freq_get)
    rcu_config                               0x08001bd9   Thumb Code    66  rcu.o(i.rcu_config)
    rcu_periph_clock_enable                  0x08001c1d   Thumb Code    28  gd32f1x0_rcu.o(i.rcu_periph_clock_enable)
    rcu_periph_reset_disable                 0x08001c3d   Thumb Code    28  gd32f1x0_rcu.o(i.rcu_periph_reset_disable)
    rcu_periph_reset_enable                  0x08001c5d   Thumb Code    28  gd32f1x0_rcu.o(i.rcu_periph_reset_enable)
    systick_config                           0x08001cbd   Thumb Code    74  systick.o(i.systick_config)
    tim13_PeriodElapsedCallback              0x08001d0d   Thumb Code   138  main.o(i.tim13_PeriodElapsedCallback)
    tim13_config                             0x08001da1   Thumb Code    74  tim.o(i.tim13_config)
    tim2_config                              0x08001df1   Thumb Code   154  tim.o(i.tim2_config)
    timer_auto_reload_shadow_enable          0x08001e91   Thumb Code    10  gd32f1x0_timer.o(i.timer_auto_reload_shadow_enable)
    timer_channel_output_config              0x08001e9d   Thumb Code   502  gd32f1x0_timer.o(i.timer_channel_output_config)
    timer_channel_output_mode_config         0x080020a5   Thumb Code    90  gd32f1x0_timer.o(i.timer_channel_output_mode_config)
    timer_channel_output_pulse_value_config  0x080020ff   Thumb Code    38  gd32f1x0_timer.o(i.timer_channel_output_pulse_value_config)
    timer_channel_output_shadow_config       0x08002125   Thumb Code    90  gd32f1x0_timer.o(i.timer_channel_output_shadow_config)
    timer_deinit                             0x08002181   Thumb Code   210  gd32f1x0_timer.o(i.timer_deinit)
    timer_enable                             0x0800225d   Thumb Code    10  gd32f1x0_timer.o(i.timer_enable)
    timer_init                               0x08002269   Thumb Code   146  gd32f1x0_timer.o(i.timer_init)
    timer_interrupt_enable                   0x08002315   Thumb Code     8  gd32f1x0_timer.o(i.timer_interrupt_enable)
    timer_interrupt_flag_clear               0x0800231d   Thumb Code     6  gd32f1x0_timer.o(i.timer_interrupt_flag_clear)
    timer_interrupt_flag_get                 0x08002323   Thumb Code    24  gd32f1x0_timer.o(i.timer_interrupt_flag_get)
    user_main                                0x0800233d   Thumb Code   198  main.o(i.user_main)
    Region$$Table$$Base                      0x0800241c   Number         0  anon$$obj.o(Region$$Table)
    Region$$Table$$Limit                     0x0800243c   Number         0  anon$$obj.o(Region$$Table)
    adcAvg                                   0x2000000c   Data           4  adc.o(.data)
    i2cDataRx                                0x20000010   Data           8  i2c.o(.data)
    i2cDataTx                                0x20000018   Data           8  i2c.o(.data)
    SystemCoreClock                          0x20000020   Data           4  system_gd32f1x0.o(.data)
    motor                                    0x20000024   Data          84  main.o(.bss)
    boardConfig                              0x20000078   Data          48  main.o(.bss)
    adcData                                  0x200000a8   Data          16  adc.o(.bss)
    __initial_sp                             0x200004b8   Data           0  startup_gd32f1x0.o(STACK)



==============================================================================

Memory Map of the image

  Image Entry point : 0x0800017d

  Load Region LR_1 (Base: 0x08000000, Size: 0x00002460, Max: 0xffffffff, ABSOLUTE)

    Execution Region ER_RO (Base: 0x08000000, Size: 0x0000243c, Max: 0xffffffff, ABSOLUTE)

    Base Addr    Size         Type   Attr      Idx    E Section Name        Object

    0x08000000   0x00000168   Data   RO         4157    RESET               startup_gd32f1x0.o
    0x08000168   0x00000000   Code   RO         4162  * .ARM.Collect$$$$00000000  mc_w.l(entry.o)
    0x08000168   0x00000004   Code   RO         4181    .ARM.Collect$$$$00000001  mc_w.l(entry2.o)
    0x0800016c   0x00000004   Code   RO         4184    .ARM.Collect$$$$00000004  mc_w.l(entry5.o)
    0x08000170   0x00000000   Code   RO         4186    .ARM.Collect$$$$00000008  mc_w.l(entry7b.o)
    0x08000170   0x00000000   Code   RO         4188    .ARM.Collect$$$$0000000A  mc_w.l(entry8b.o)
    0x08000170   0x00000008   Code   RO         4189    .ARM.Collect$$$$0000000B  mc_w.l(entry9a.o)
    0x08000178   0x00000000   Code   RO         4191    .ARM.Collect$$$$0000000D  mc_w.l(entry10a.o)
    0x08000178   0x00000000   Code   RO         4193    .ARM.Collect$$$$0000000F  mc_w.l(entry11a.o)
    0x08000178   0x00000004   Code   RO         4182    .ARM.Collect$$$$00002712  mc_w.l(entry2.o)
    0x0800017c   0x00000024   Code   RO         4158  * .text               startup_gd32f1x0.o
    0x080001a0   0x000000b0   Code   RO         4165    .text               mf_w.l(fadd.o)
    0x08000250   0x00000064   Code   RO         4167    .text               mf_w.l(fmul.o)
    0x080002b4   0x0000007c   Code   RO         4169    .text               mf_w.l(fdiv.o)
    0x08000330   0x0000000a   Code   RO         4171    .text               mf_w.l(ffltui.o)
    0x0800033a   0x00000032   Code   RO         4173    .text               mf_w.l(ffixi.o)
    0x0800036c   0x00000028   Code   RO         4175    .text               mf_w.l(ffixui.o)
    0x08000394   0x00000014   Code   RO         4177    .text               mf_w.l(cfcmple.o)
    0x080003a8   0x00000014   Code   RO         4179    .text               mf_w.l(cfrcmple.o)
    0x080003bc   0x00000000   Code   RO         4195    .text               mc_w.l(iusefp.o)
    0x080003bc   0x0000006e   Code   RO         4196    .text               mf_w.l(fepilogue.o)
    0x0800042a   0x00000002   PAD
    0x0800042c   0x00000024   Code   RO         4198    .text               mc_w.l(init.o)
    0x08000450   0x00000004   Code   RO          253    i.BusFault_Handler  gd32f1x0_it.o
    0x08000454   0x000000f4   Code   RO          429    i.CalcDceOutput     motor.o
    0x08000548   0x0000001a   Code   RO          254    i.DMA_Channel0_IRQHandler  gd32f1x0_it.o
    0x08000562   0x00000002   Code   RO          255    i.DebugMon_Handler  gd32f1x0_it.o
    0x08000564   0x00000004   Code   RO          256    i.HardFault_Handler  gd32f1x0_it.o
    0x08000568   0x000000d4   Code   RO          257    i.I2C0_EV_IRQHandler  gd32f1x0_it.o
    0x0800063c   0x00000004   Code   RO          258    i.MemManage_Handler  gd32f1x0_it.o
    0x08000640   0x00000002   Code   RO          259    i.NMI_Handler       gd32f1x0_it.o
    0x08000642   0x00000002   PAD
    0x08000644   0x00000028   Code   RO          207    i.NVIC_SetPriority  systick.o
    0x0800066c   0x00000002   Code   RO          260    i.PendSV_Handler    gd32f1x0_it.o
    0x0800066e   0x00000002   Code   RO          261    i.SVC_Handler       gd32f1x0_it.o
    0x08000670   0x00000006   Code   RO          430    i.SetEnable         motor.o
    0x08000676   0x00000002   PAD
    0x08000678   0x00000074   Code   RO          431    i.SetPwm            motor.o
    0x080006ec   0x00000034   Code   RO          432    i.SetTorqueLimit    motor.o
    0x08000720   0x00000008   Code   RO          262    i.SysTick_Handler   gd32f1x0_it.o
    0x08000728   0x000000dc   Code   RO          526    i.SystemInit        system_gd32f1x0.o
    0x08000804   0x00000020   Code   RO          263    i.TIMER13_IRQHandler  gd32f1x0_it.o
    0x08000824   0x00000004   Code   RO          264    i.UsageFault_Handler  gd32f1x0_it.o
    0x08000828   0x0000000e   Code   RO         4202    i.__scatterload_copy  mc_w.l(handlers.o)
    0x08000836   0x00000002   Code   RO         4203    i.__scatterload_null  mc_w.l(handlers.o)
    0x08000838   0x0000000e   Code   RO         4204    i.__scatterload_zeroinit  mc_w.l(handlers.o)
    0x08000846   0x00000002   PAD
    0x08000848   0x0000003c   Code   RO          567    i.adc_calibration_enable  gd32f1x0_adc.o
    0x08000884   0x00000060   Code   RO          568    i.adc_channel_length_config  gd32f1x0_adc.o
    0x080008e4   0x00000050   Code   RO          364    i.adc_config        adc.o
    0x08000934   0x00000024   Code   RO          569    i.adc_data_alignment_config  gd32f1x0_adc.o
    0x08000958   0x00000014   Code   RO          571    i.adc_disable       gd32f1x0_adc.o
    0x0800096c   0x00000014   Code   RO          574    i.adc_dma_mode_enable  gd32f1x0_adc.o
    0x08000980   0x0000001c   Code   RO          575    i.adc_enable        gd32f1x0_adc.o
    0x0800099c   0x00000054   Code   RO          576    i.adc_external_trigger_config  gd32f1x0_adc.o
    0x080009f0   0x00000040   Code   RO          577    i.adc_external_trigger_source_config  gd32f1x0_adc.o
    0x08000a30   0x000000dc   Code   RO          587    i.adc_regular_channel_config  gd32f1x0_adc.o
    0x08000b0c   0x0000002c   Code   RO          589    i.adc_software_trigger_enable  gd32f1x0_adc.o
    0x08000b38   0x00000080   Code   RO          590    i.adc_special_function_config  gd32f1x0_adc.o
    0x08000bb8   0x0000000e   Code   RO          365    i.adc_start         adc.o
    0x08000bc6   0x00000002   PAD
    0x08000bc8   0x00000018   Code   RO          209    i.delay_decrement   systick.o
    0x08000be0   0x0000003c   Code   RO            3    i.dma_InterruptCallback  main.o
    0x08000c1c   0x00000024   Code   RO         1272    i.dma_channel_disable  gd32f1x0_dma.o
    0x08000c40   0x00000024   Code   RO         1273    i.dma_channel_enable  gd32f1x0_dma.o
    0x08000c64   0x00000024   Code   RO         1275    i.dma_circulation_enable  gd32f1x0_dma.o
    0x08000c88   0x0000006c   Code   RO          366    i.dma_config        adc.o
    0x08000cf4   0x0000005c   Code   RO         1276    i.dma_deinit        gd32f1x0_dma.o
    0x08000d50   0x0000011c   Code   RO         1279    i.dma_init          gd32f1x0_dma.o
    0x08000e6c   0x00000024   Code   RO         1281    i.dma_interrupt_enable  gd32f1x0_dma.o
    0x08000e90   0x00000018   Code   RO         1282    i.dma_interrupt_flag_clear  gd32f1x0_dma.o
    0x08000ea8   0x0000008c   Code   RO         1283    i.dma_interrupt_flag_get  gd32f1x0_dma.o
    0x08000f34   0x00000024   Code   RO         1287    i.dma_memory_to_memory_disable  gd32f1x0_dma.o
    0x08000f58   0x00000014   Code   RO         1541    i.fmc_lock          gd32f1x0_fmc.o
    0x08000f6c   0x00000048   Code   RO         1543    i.fmc_page_erase    gd32f1x0_fmc.o
    0x08000fb4   0x00000020   Code   RO          473    i.fmc_read          flash.o
    0x08000fd4   0x00000022   Code   RO         1544    i.fmc_ready_wait    gd32f1x0_fmc.o
    0x08000ff6   0x00000002   PAD
    0x08000ff8   0x00000030   Code   RO         1545    i.fmc_state_get     gd32f1x0_fmc.o
    0x08001028   0x00000024   Code   RO         1546    i.fmc_unlock        gd32f1x0_fmc.o
    0x0800104c   0x00000040   Code   RO         1549    i.fmc_word_program  gd32f1x0_fmc.o
    0x0800108c   0x00000074   Code   RO          474    i.fmc_write         flash.o
    0x08001100   0x0000005e   Code   RO         1788    i.gpio_af_set       gd32f1x0_gpio.o
    0x0800115e   0x00000004   Code   RO         1789    i.gpio_bit_reset    gd32f1x0_gpio.o
    0x08001162   0x00000004   Code   RO         1790    i.gpio_bit_set      gd32f1x0_gpio.o
    0x08001166   0x00000002   PAD
    0x08001168   0x000000a4   Code   RO          187    i.gpio_config       gpio.o
    0x0800120c   0x0000004e   Code   RO         1795    i.gpio_mode_set     gd32f1x0_gpio.o
    0x0800125a   0x00000042   Code   RO         1797    i.gpio_output_options_set  gd32f1x0_gpio.o
    0x0800129c   0x000002c0   Code   RO            6    i.i2c_SlaveRxCpltCallback  main.o
    0x0800155c   0x00000018   Code   RO         1880    i.i2c_ack_config    gd32f1x0_i2c.o
    0x08001574   0x000000e4   Code   RO         1882    i.i2c_clock_config  gd32f1x0_i2c.o
    0x08001658   0x0000005c   Code   RO          499    i.i2c_config        i2c.o
    0x080016b4   0x00000008   Code   RO         1883    i.i2c_data_receive  gd32f1x0_i2c.o
    0x080016bc   0x00000006   Code   RO         1884    i.i2c_data_transmit  gd32f1x0_i2c.o
    0x080016c2   0x0000000a   Code   RO         1891    i.i2c_enable        gd32f1x0_i2c.o
    0x080016cc   0x0000001a   Code   RO         1895    i.i2c_interrupt_enable  gd32f1x0_i2c.o
    0x080016e6   0x00000002   PAD
    0x080016e8   0x0000002c   Code   RO         1896    i.i2c_interrupt_flag_clear  gd32f1x0_i2c.o
    0x08001714   0x0000005c   Code   RO         1897    i.i2c_interrupt_flag_get  gd32f1x0_i2c.o
    0x08001770   0x0000001c   Code   RO         1899    i.i2c_mode_addr_config  gd32f1x0_i2c.o
    0x0800178c   0x0000000a   Code   RO         1909    i.i2c_stop_on_bus   gd32f1x0_i2c.o
    0x08001796   0x00000028   Code   RO            7    i.main              main.o
    0x080017be   0x00000002   PAD
    0x080017c0   0x000000ac   Code   RO         2084    i.nvic_irq_enable   gd32f1x0_misc.o
    0x0800186c   0x00000014   Code   RO         2085    i.nvic_priority_group_set  gd32f1x0_misc.o
    0x08001880   0x00000018   Code   RO         2086    i.nvic_vector_table_set  gd32f1x0_misc.o
    0x08001898   0x00000098   Code   RO         2229    i.rcu_adc_clock_config  gd32f1x0_rcu.o
    0x08001930   0x000002a8   Code   RO         2238    i.rcu_clock_freq_get  gd32f1x0_rcu.o
    0x08001bd8   0x00000042   Code   RO          344    i.rcu_config        rcu.o
    0x08001c1a   0x00000002   PAD
    0x08001c1c   0x00000020   Code   RO         2258    i.rcu_periph_clock_enable  gd32f1x0_rcu.o
    0x08001c3c   0x00000020   Code   RO         2261    i.rcu_periph_reset_disable  gd32f1x0_rcu.o
    0x08001c5c   0x00000020   Code   RO         2262    i.rcu_periph_reset_enable  gd32f1x0_rcu.o
    0x08001c7c   0x00000038   Code   RO          527    i.system_clock_8m_irc8m  system_gd32f1x0.o
    0x08001cb4   0x00000008   Code   RO          528    i.system_clock_config  system_gd32f1x0.o
    0x08001cbc   0x00000050   Code   RO          210    i.systick_config    systick.o
    0x08001d0c   0x00000094   Code   RO            8    i.tim13_PeriodElapsedCallback  main.o
    0x08001da0   0x00000050   Code   RO          403    i.tim13_config      tim.o
    0x08001df0   0x000000a0   Code   RO          404    i.tim2_config       tim.o
    0x08001e90   0x0000000a   Code   RO         2961    i.timer_auto_reload_shadow_enable  gd32f1x0_timer.o
    0x08001e9a   0x00000002   PAD
    0x08001e9c   0x00000208   Code   RO         2978    i.timer_channel_output_config  gd32f1x0_timer.o
    0x080020a4   0x0000005a   Code   RO         2980    i.timer_channel_output_mode_config  gd32f1x0_timer.o
    0x080020fe   0x00000026   Code   RO         2982    i.timer_channel_output_pulse_value_config  gd32f1x0_timer.o
    0x08002124   0x0000005a   Code   RO         2983    i.timer_channel_output_shadow_config  gd32f1x0_timer.o
    0x0800217e   0x00000002   PAD
    0x08002180   0x000000dc   Code   RO         2992    i.timer_deinit      gd32f1x0_timer.o
    0x0800225c   0x0000000a   Code   RO         2997    i.timer_enable      gd32f1x0_timer.o
    0x08002266   0x00000002   PAD
    0x08002268   0x000000ac   Code   RO         3007    i.timer_init        gd32f1x0_timer.o
    0x08002314   0x00000008   Code   RO         3014    i.timer_interrupt_enable  gd32f1x0_timer.o
    0x0800231c   0x00000006   Code   RO         3015    i.timer_interrupt_flag_clear  gd32f1x0_timer.o
    0x08002322   0x00000018   Code   RO         3016    i.timer_interrupt_flag_get  gd32f1x0_timer.o
    0x0800233a   0x00000002   PAD
    0x0800233c   0x000000e0   Code   RO            9    i.user_main         main.o
    0x0800241c   0x00000020   Data   RO         4200    Region$$Table       anon$$obj.o


    Execution Region ER_RW (Base: 0x20000000, Size: 0x00000024, Max: 0xffffffff, ABSOLUTE)

    Base Addr    Size         Type   Attr      Idx    E Section Name        Object

    0x20000000   0x00000004   Data   RW          211    .data               systick.o
    0x20000004   0x00000008   Data   RW          265    .data               gd32f1x0_it.o
    0x2000000c   0x00000004   Data   RW          368    .data               adc.o
    0x20000010   0x00000010   Data   RW          500    .data               i2c.o
    0x20000020   0x00000004   Data   RW          529    .data               system_gd32f1x0.o


    Execution Region ER_ZI (Base: 0x20000024, Size: 0x00000494, Max: 0xffffffff, ABSOLUTE)

    Base Addr    Size         Type   Attr      Idx    E Section Name        Object

    0x20000024   0x00000084   Zero   RW           10    .bss                main.o
    0x200000a8   0x00000010   Zero   RW          367    .bss                adc.o
    0x200000b8   0x00000400   Zero   RW         4155    STACK               startup_gd32f1x0.o


==============================================================================

Image component sizes


      Code (inc. data)   RO Data    RW Data    ZI Data      Debug   Object Name

       202          8          0          4         16       1727   adc.o
       148         10          0          0          0       1695   flash.o
       800         60          0          0          0       6626   gd32f1x0_adc.o
       720         50          0          0          0       5862   gd32f1x0_dma.o
       274         36          0          0          0       3432   gd32f1x0_fmc.o
       246          0          0          0          0       3488   gd32f1x0_gpio.o
       476         26          0          0          0       6616   gd32f1x0_i2c.o
       302         46          0          8          0       4994   gd32f1x0_it.o
       216         28          0          0          0       1980   gd32f1x0_misc.o
       928         64          0          0          0       4199   gd32f1x0_rcu.o
      1188         54          0          0          0       7770   gd32f1x0_timer.o
       164          4          0          0          0        446   gpio.o
        92         10          0         16          0        911   i2c.o
      1176         60          0          0        132      56695   main.o
       418         20          0          0          0       2490   motor.o
        66          0          0          0          0        413   rcu.o
        36          8        360          0       1024        836   startup_gd32f1x0.o
       284         22          0          4          0       2555   system_gd32f1x0.o
       144         20          0          4          0      25398   systick.o
       240         12          0          0          0        993   tim.o

    ----------------------------------------------------------------------
      8144        538        392         36       1172     139126   Object Totals
         0          0         32          0          0          0   (incl. Generated)
        24          0          0          0          0          0   (incl. Padding)

    ----------------------------------------------------------------------

      Code (inc. data)   RO Data    RW Data    ZI Data      Debug   Library Member Name

         0          0          0          0          0          0   entry.o
         0          0          0          0          0          0   entry10a.o
         0          0          0          0          0          0   entry11a.o
         8          4          0          0          0          0   entry2.o
         4          0          0          0          0          0   entry5.o
         0          0          0          0          0          0   entry7b.o
         0          0          0          0          0          0   entry8b.o
         8          4          0          0          0          0   entry9a.o
        30          0          0          0          0          0   handlers.o
        36          8          0          0          0         68   init.o
         0          0          0          0          0          0   iusefp.o
        20          0          0          0          0         68   cfcmple.o
        20          0          0          0          0         68   cfrcmple.o
       176          0          0          0          0        140   fadd.o
       124          0          0          0          0         88   fdiv.o
       110          0          0          0          0        168   fepilogue.o
        50          0          0          0          0         68   ffixi.o
        40          0          0          0          0         68   ffixui.o
        10          0          0          0          0         68   ffltui.o
       100          0          0          0          0         76   fmul.o

    ----------------------------------------------------------------------
       740         16          0          0          0        880   Library Totals
         4          0          0          0          0          0   (incl. Padding)

    ----------------------------------------------------------------------

      Code (inc. data)   RO Data    RW Data    ZI Data      Debug   Library Name

        86         16          0          0          0         68   mc_w.l
       650          0          0          0          0        812   mf_w.l

    ----------------------------------------------------------------------
       740         16          0          0          0        880   Library Totals

    ----------------------------------------------------------------------

==============================================================================


      Code (inc. data)   RO Data    RW Data    ZI Data      Debug   

      8884        554        392         36       1172     134958   Grand Totals
      8884        554        392         36       1172     134958   ELF Image Totals
      8884        554        392         36          0          0   ROM Totals

==============================================================================

    Total RO  Size (Code + RO Data)                 9276 (   9.06kB)
    Total RW  Size (RW Data + ZI Data)              1208 (   1.18kB)
    Total ROM Size (Code + RO Data + RW Data)       9312 (   9.09kB)

==============================================================================

